<!doctype html public "-//w3c//dtd html 4.0 transitional//en">
<html><head>
<title>Static Call Graph - [.\Objects\simpleBleMulti.axf]</title></head>
<body><HR>
<H1>Static Call Graph for image .\Objects\simpleBleMulti.axf</H1><HR>
<BR><P>#&#060CALLGRAPH&#062# ARM Linker, 5060960: Last Updated: Thu Apr 16 14:15:51 2026
<BR><P>
<H3>Maximum Stack Usage =        900 bytes + Unknown(Untraceable Function Pointers)</H3><H3>
Call chain for Maximum Stack Depth:</H3>
multiRoleProfileChangeCB &rArr; MultiProfile_Notify &rArr; GATTServApp_ProcessCharCfg &rArr; GATT_Indication &rArr; ATT_HandleValueInd &rArr; attSendMsg &rArr; SM_GenerateAuthenSig &rArr; sm_CMAC &rArr; generate_subkey &rArr; xor_128
<P>
<H3>
Function Pointers
</H3><UL>
 <LI><a href="#[1f]">AACI_IRQHandler</a> from startup_armcm0.o(.text) referenced from startup_armcm0.o(RESET)
 <LI><a href="#[7f]">ATT_BuildErrorRsp</a> from att_util.o(i.ATT_BuildErrorRsp) referenced from att_server.o(i.ATT_ErrorRsp)
 <LI><a href="#[80]">ATT_BuildExchangeMTUReq</a> from att_util.o(i.ATT_BuildExchangeMTUReq) referenced from att_client.o(i.ATT_ExchangeMTUReq)
 <LI><a href="#[81]">ATT_BuildExchangeMTURsp</a> from att_util.o(i.ATT_BuildExchangeMTURsp) referenced from att_server.o(i.ATT_ExchangeMTURsp)
 <LI><a href="#[82]">ATT_BuildExecuteWriteReq</a> from att_util.o(i.ATT_BuildExecuteWriteReq) referenced from att_client.o(i.ATT_ExecuteWriteReq)
 <LI><a href="#[83]">ATT_BuildFindByTypeValueReq</a> from att_util.o(i.ATT_BuildFindByTypeValueReq) referenced from att_client.o(i.ATT_FindByTypeValueReq)
 <LI><a href="#[84]">ATT_BuildFindByTypeValueRsp</a> from att_util.o(i.ATT_BuildFindByTypeValueRsp) referenced from att_server.o(i.ATT_FindByTypeValueRsp)
 <LI><a href="#[85]">ATT_BuildFindInfoReq</a> from att_util.o(i.ATT_BuildFindInfoReq) referenced from att_client.o(i.ATT_FindInfoReq)
 <LI><a href="#[86]">ATT_BuildFindInfoRsp</a> from att_util.o(i.ATT_BuildFindInfoRsp) referenced from att_server.o(i.ATT_FindInfoRsp)
 <LI><a href="#[87]">ATT_BuildHandleValueInd</a> from att_util.o(i.ATT_BuildHandleValueInd) referenced from att_server.o(i.ATT_HandleValueInd)
 <LI><a href="#[87]">ATT_BuildHandleValueInd</a> from att_util.o(i.ATT_BuildHandleValueInd) referenced from att_server.o(i.ATT_HandleValueNoti)
 <LI><a href="#[88]">ATT_BuildPrepareWriteReq</a> from att_util.o(i.ATT_BuildPrepareWriteReq) referenced from att_client.o(i.ATT_PrepareWriteReq)
 <LI><a href="#[89]">ATT_BuildPrepareWriteRsp</a> from att_util.o(i.ATT_BuildPrepareWriteRsp) referenced from att_server.o(i.ATT_PrepareWriteRsp)
 <LI><a href="#[8a]">ATT_BuildReadBlobReq</a> from att_util.o(i.ATT_BuildReadBlobReq) referenced from att_client.o(i.ATT_ReadBlobReq)
 <LI><a href="#[8b]">ATT_BuildReadBlobRsp</a> from att_util.o(i.ATT_BuildReadBlobRsp) referenced from att_server.o(i.ATT_ReadBlobRsp)
 <LI><a href="#[8d]">ATT_BuildReadByGrpTypeRsp</a> from att_util.o(i.ATT_BuildReadByGrpTypeRsp) referenced from att_server.o(i.ATT_ReadByGrpTypeRsp)
 <LI><a href="#[8c]">ATT_BuildReadByTypeReq</a> from att_util.o(i.ATT_BuildReadByTypeReq) referenced from att_client.o(i.ATT_ReadByGrpTypeReq)
 <LI><a href="#[8c]">ATT_BuildReadByTypeReq</a> from att_util.o(i.ATT_BuildReadByTypeReq) referenced from att_client.o(i.ATT_ReadByTypeReq)
 <LI><a href="#[8e]">ATT_BuildReadByTypeRsp</a> from att_util.o(i.ATT_BuildReadByTypeRsp) referenced from att_server.o(i.ATT_ReadByTypeRsp)
 <LI><a href="#[8f]">ATT_BuildReadMultiRsp</a> from att_util.o(i.ATT_BuildReadMultiRsp) referenced from att_server.o(i.ATT_ReadMultiRsp)
 <LI><a href="#[90]">ATT_BuildReadRsp</a> from att_util.o(i.ATT_BuildReadRsp) referenced from att_server.o(i.ATT_ReadRsp)
 <LI><a href="#[91]">ATT_BuildWriteReq</a> from att_util.o(i.ATT_BuildWriteReq) referenced from att_client.o(i.ATT_WriteReq)
 <LI><a href="#[cb]">ATT_ParseExchangeMTUReq</a> from att_util.o(i.ATT_ParseExchangeMTUReq) referenced from gatt_server.o(.constdata)
 <LI><a href="#[96]">ATT_ParseExchangeMTURsp</a> from att_util.o(i.ATT_ParseExchangeMTURsp) referenced from gatt_client.o(i.GATT_ExchangeMTU)
 <LI><a href="#[dc]">ATT_ParseExecuteWriteReq</a> from att_util.o(i.ATT_ParseExecuteWriteReq) referenced from gatt_server.o(.constdata)
 <LI><a href="#[a5]">ATT_ParseExecuteWriteRsp</a> from att_util.o(i.ATT_ParseExecuteWriteRsp) referenced from gatt_client.o(i.gattProcessReliableWrites)
 <LI><a href="#[a5]">ATT_ParseExecuteWriteRsp</a> from att_util.o(i.ATT_ParseExecuteWriteRsp) referenced from gatt_client.o(i.gattProcessWriteLong)
 <LI><a href="#[cf]">ATT_ParseFindByTypeValueReq</a> from att_util.o(i.ATT_ParseFindByTypeValueReq) referenced from gatt_server.o(.constdata)
 <LI><a href="#[cd]">ATT_ParseFindInfoReq</a> from att_util.o(i.ATT_ParseFindInfoReq) referenced from gatt_server.o(.constdata)
 <LI><a href="#[db]">ATT_ParsePrepareWriteReq</a> from att_util.o(i.ATT_ParsePrepareWriteReq) referenced from gatt_server.o(.constdata)
 <LI><a href="#[d5]">ATT_ParseReadBlobReq</a> from att_util.o(i.ATT_ParseReadBlobReq) referenced from gatt_server.o(.constdata)
 <LI><a href="#[95]">ATT_ParseReadByGrpTypeRsp</a> from att_util.o(i.ATT_ParseReadByGrpTypeRsp) referenced from gatt_client.o(i.GATT_DiscAllPrimaryServices)
 <LI><a href="#[d1]">ATT_ParseReadByTypeReq</a> from att_util.o(i.ATT_ParseReadByTypeReq) referenced 2 times from gatt_server.o(.constdata)
 <LI><a href="#[a6]">ATT_ParseReadByTypeRsp</a> from att_util.o(i.ATT_ParseReadByTypeRsp) referenced from gatt_client.o(i.gattReadByType)
 <LI><a href="#[d6]">ATT_ParseReadMultiReq</a> from att_util.o(i.ATT_ParseReadMultiReq) referenced from gatt_server.o(.constdata)
 <LI><a href="#[d3]">ATT_ParseReadReq</a> from att_util.o(i.ATT_ParseReadReq) referenced from gatt_server.o(.constdata)
 <LI><a href="#[d9]">ATT_ParseWriteReq</a> from att_util.o(i.ATT_ParseWriteReq) referenced from gatt_server.o(.constdata)
 <LI><a href="#[a8]">ATT_ParseWriteRsp</a> from att_util.o(i.ATT_ParseWriteRsp) referenced from gatt_client.o(i.gattWrite)
 <LI><a href="#[26]">CAN_IRQHandler</a> from startup_armcm0.o(.text) referenced from startup_armcm0.o(RESET)
 <LI><a href="#[24]">CHLCD_IRQHandler</a> from startup_armcm0.o(.text) referenced from startup_armcm0.o(RESET)
 <LI><a href="#[20]">CLCD_IRQHandler</a> from startup_armcm0.o(.text) referenced from startup_armcm0.o(RESET)
 <LI><a href="#[29]">CPU_CLCD_IRQHandler</a> from startup_armcm0.o(.text) referenced from startup_armcm0.o(RESET)
 <LI><a href="#[3a]">DTM_UART_IRQHandler</a> from rf_phy_driver.o(i.DTM_UART_IRQHandler) referenced from rf_phy_driver.o(i.rf_phy_direct_test)
 <LI><a href="#[21]">ENET_IRQHandler</a> from startup_armcm0.o(.text) referenced from startup_armcm0.o(RESET)
 <LI><a href="#[25]">FLEXRAY_IRQHandler</a> from startup_armcm0.o(.text) referenced from startup_armcm0.o(RESET)
 <LI><a href="#[42]">GAPBondMgr_ProcessEvent</a> from gapbondmgr.o(i.GAPBondMgr_ProcessEvent) referenced from osal_multi_role.o(_section_sram_code_)
 <LI><a href="#[44]">GAPMultiRole_ProcessEvent</a> from multi.o(i.GAPMultiRole_ProcessEvent) referenced from osal_multi_role.o(_section_sram_code_)
 <LI><a href="#[40]">GAP_ProcessEvent</a> from gap_task.o(i.GAP_ProcessEvent) referenced from osal_multi_role.o(_section_sram_code_)
 <LI><a href="#[43]">GATTServApp_ProcessEvent</a> from gattservapp.o(i.GATTServApp_ProcessEvent) referenced from osal_multi_role.o(_section_sram_code_)
 <LI><a href="#[41]">GATT_ProcessEvent</a> from gatt_task.o(i.GATT_ProcessEvent) referenced from osal_multi_role.o(_section_sram_code_)
 <LI><a href="#[3c]">HCI_ProcessEvent</a> from bb_rom_sym_m0.txt(ABSOLUTE) referenced from osal_multi_role.o(_section_sram_code_)
 <LI><a href="#[11]">HardFault_Handler</a> from bb_rom_sym_m0.txt(ABSOLUTE) referenced from startup_armcm0.o(RESET)
 <LI><a href="#[28]">I2C_IRQHandler</a> from startup_armcm0.o(.text) referenced from startup_armcm0.o(RESET)
 <LI><a href="#[9c]">L2CAP_BuildCmdReject</a> from l2cap_util.o(i.L2CAP_BuildCmdReject) referenced from l2cap_if.o(i.L2CAP_CmdReject)
 <LI><a href="#[9e]">L2CAP_BuildParamUpdateRsp</a> from l2cap_util.o(i.L2CAP_BuildParamUpdateRsp) referenced from l2cap_if.o(i.L2CAP_ConnParamUpdateRsp)
 <LI><a href="#[3e]">L2CAP_ProcessEvent</a> from l2cap_task.o(i.L2CAP_ProcessEvent) referenced from osal_multi_role.o(_section_sram_code_)
 <LI><a href="#[27]">LIN_IRQHandler</a> from startup_armcm0.o(.text) referenced from startup_armcm0.o(RESET)
 <LI><a href="#[58]">LL_CreateConn1</a> from patch.o(_func_xip_code_.LL_CreateConn1) referenced from patch.o(_func_xip_code_.ll_patch_master)
 <LI><a href="#[5b]">LL_CreateConnCancel1</a> from patch.o(_section_xip_code_) referenced from patch.o(_func_xip_code_.ll_patch_master)
 <LI><a href="#[75]">LL_Disconnect1</a> from patch.o(_func_xip_code_.LL_Disconnect1) referenced from patch.o(_section_xip_code_)
 <LI><a href="#[6a]">LL_ENC_AES128_Encrypt1</a> from patch.o(i.LL_ENC_AES128_Encrypt1) referenced from patch.o(_section_xip_code_)
 <LI><a href="#[51]">LL_ENC_Decrypt1</a> from patch.o(i.LL_ENC_Decrypt1) referenced from patch.o(_func_xip_code_.ll_patch_master)
 <LI><a href="#[51]">LL_ENC_Decrypt1</a> from patch.o(i.LL_ENC_Decrypt1) referenced from patch.o(_section_xip_code_)
 <LI><a href="#[6b]">LL_ENC_Encrypt1</a> from patch.o(i.LL_ENC_Encrypt1) referenced from patch.o(_section_xip_code_)
 <LI><a href="#[67]">LL_IRQHandler1</a> from patch.o(i.LL_IRQHandler1) referenced from patch.o(_section_xip_code_)
 <LI><a href="#[3b]">LL_ProcessEvent</a> from bb_rom_sym_m0.txt(ABSOLUTE) referenced from osal_multi_role.o(_section_sram_code_)
 <LI><a href="#[7d]">LL_ProcessEvent1</a> from patch.o(i.LL_ProcessEvent1) referenced from patch.o(_section_xip_code_)
 <LI><a href="#[7a]">LL_Reset1</a> from patch.o(i.LL_Reset1) referenced from patch.o(_section_xip_code_)
 <LI><a href="#[5f]">LL_SetAdvControl1</a> from patch.o(_func_xip_code_.LL_SetAdvControl1) referenced from patch.o(_func_xip_code_.ll_patch_slave)
 <LI><a href="#[5e]">LL_SetAdvParam1</a> from patch.o(_func_xip_code_.LL_SetAdvParam1) referenced from patch.o(_func_xip_code_.ll_patch_slave)
 <LI><a href="#[71]">LL_SetDataLengh1</a> from patch.o(_func_xip_code_.LL_SetDataLengh1) referenced from patch.o(_section_xip_code_)
 <LI><a href="#[4f]">LL_SetScanControl1</a> from patch.o(_func_xip_code_.LL_SetScanControl1) referenced from patch.o(_func_xip_code_.ll_patch_master)
 <LI><a href="#[4e]">LL_SetScanParam1</a> from patch.o(_func_xip_code_.LL_SetScanParam1) referenced from patch.o(_func_xip_code_.ll_patch_master)
 <LI><a href="#[50]">LL_StartEncrypt1</a> from patch.o(_func_xip_code_.LL_StartEncrypt1) referenced from patch.o(_func_xip_code_.ll_patch_master)
 <LI><a href="#[7c]">LL_TxData1</a> from patch.o(_func_xip_code_.LL_TxData1) referenced from patch.o(_section_xip_code_)
 <LI><a href="#[74]">LL_set_default_conn_params1</a> from patch.o(i.LL_set_default_conn_params1) referenced from patch.o(_section_xip_code_)
 <LI><a href="#[65]">LL_slave_conn_event3</a> from patch.o(i.LL_slave_conn_event3) referenced from patch.o(_func_xip_code_.ll_patch_slave)
 <LI><a href="#[19]">MCIA_IRQHandler</a> from startup_armcm0.o(.text) referenced from startup_armcm0.o(RESET)
 <LI><a href="#[1a]">MCIB_IRQHandler</a> from startup_armcm0.o(.text) referenced from startup_armcm0.o(RESET)
 <LI><a href="#[a0]">MultiRole_HandleParamUpdateNoSuccess</a> from multi.o(i.MultiRole_HandleParamUpdateNoSuccess) referenced from multi.o(i.MultiRole_PeripheralstartConnUpdate)
 <LI><a href="#[a2]">Multi_centralAction</a> from multi.o(i.Multi_centralAction) referenced from multi.o(i.MultiRole_processGAPMsg)
 <LI><a href="#[a1]">Multi_peripheralUpdateParam</a> from multi.o(i.Multi_peripheralUpdateParam) referenced from multi.o(i.MultiRole_processGAPMsg)
 <LI><a href="#[10]">NMI_Handler</a> from bb_rom_sym_m0.txt(ABSOLUTE) referenced from startup_armcm0.o(RESET)
 <LI><a href="#[13]">PendSV_Handler</a> from bb_rom_sym_m0.txt(ABSOLUTE) referenced from startup_armcm0.o(RESET)
 <LI><a href="#[16]">RTC_IRQHandler</a> from startup_armcm0.o(.text) referenced from startup_armcm0.o(RESET)
 <LI><a href="#[f]">Reset_Handler</a> from startup_armcm0.o(.text) referenced from startup_armcm0.o(RESET)
 <LI><a href="#[46]">SLB_OTA_ProcessEvent</a> from slb_app.o(i.SLB_OTA_ProcessEvent) referenced from osal_multi_role.o(_section_sram_code_)
 <LI><a href="#[3f]">SM_ProcessEvent</a> from sm_task.o(i.SM_ProcessEvent) referenced from osal_multi_role.o(_section_sram_code_)
 <LI><a href="#[b]">SM_StartEncryption</a> from sm_intpairing.o(i.SM_StartEncryption) referenced 2 times from sm_intpairing.o(.data)
 <LI><a href="#[2b]">SPI_IRQHandler</a> from startup_armcm0.o(.text) referenced from startup_armcm0.o(RESET)
 <LI><a href="#[12]">SVC_Handler</a> from startup_armcm0.o(.text) referenced from startup_armcm0.o(RESET)
 <LI><a href="#[14]">SysTick_Handler</a> from startup_armcm0.o(.text) referenced from startup_armcm0.o(RESET)
 <LI><a href="#[2e]">SystemInit</a> from system_armcm0.o(i.SystemInit) referenced from startup_armcm0.o(.text)
 <LI><a href="#[17]">TIM0_IRQHandler</a> from startup_armcm0.o(.text) referenced from startup_armcm0.o(RESET)
 <LI><a href="#[18]">TIM2_IRQHandler</a> from startup_armcm0.o(.text) referenced from startup_armcm0.o(RESET)
 <LI><a href="#[1b]">UART0_IRQHandler</a> from startup_armcm0.o(.text) referenced from startup_armcm0.o(RESET)
 <LI><a href="#[1c]">UART1_IRQHandler</a> from startup_armcm0.o(.text) referenced from startup_armcm0.o(RESET)
 <LI><a href="#[1d]">UART2_IRQHandler</a> from startup_armcm0.o(.text) referenced from startup_armcm0.o(RESET)
 <LI><a href="#[2a]">UART3_IRQHandler</a> from startup_armcm0.o(.text) referenced from startup_armcm0.o(RESET)
 <LI><a href="#[1e]">UART4_IRQHandler</a> from startup_armcm0.o(.text) referenced from startup_armcm0.o(RESET)
 <LI><a href="#[22]">USBDC_IRQHandler</a> from startup_armcm0.o(.text) referenced from startup_armcm0.o(RESET)
 <LI><a href="#[23]">USBHC_IRQHandler</a> from startup_armcm0.o(.text) referenced from startup_armcm0.o(RESET)
 <LI><a href="#[15]">WDT_IRQHandler</a> from startup_armcm0.o(.text) referenced from startup_armcm0.o(RESET)
 <LI><a href="#[2f]">__main</a> from entry.o(.ARM.Collect$$$$00000000) referenced from startup_armcm0.o(.text)
 <LI><a href="#[2d]">_hard_fault</a> from jump_table.o(i._hard_fault) referenced from jump_table.o(.emb_text)
 <LI><a href="#[a4]">_uart_putc</a> from my_printf.o(i._uart_putc) referenced from my_printf.o(i.dbg_printf)
 <LI><a href="#[6d]">config_RTC1</a> from patch.o(i.config_RTC1) referenced from patch.o(_section_xip_code_)
 <LI><a href="#[6c]">enterSleepProcess1</a> from patch.o(i.enterSleepProcess1) referenced from patch.o(_section_xip_code_)
 <LI><a href="#[92]">gapBondMgrSendServiceChange</a> from gapbondmgr.o(i.gapBondMgrSendServiceChange) referenced from gapbondmgr.o(i.GAPBondMgr_ServiceChangeInd)
 <LI><a href="#[4]">gapCancelLinkReq</a> from gap_centlinkmgr.o(i.gapCancelLinkReq) referenced 2 times from gap_centdevmgr.o(.data)
 <LI><a href="#[2]">gapCentProcessHCICmdEvt</a> from gap_centdevmgr.o(i.gapCentProcessHCICmdEvt) referenced 2 times from gap_centdevmgr.o(.data)
 <LI><a href="#[6]">gapPeriProcessHCICmdCompleteEvt</a> from gap_peridevmgr.o(i.gapPeriProcessHCICmdCompleteEvt) referenced 2 times from gap_peridevmgr.o(.data)
 <LI><a href="#[7]">gapProcessAdvertisingEvt</a> from gap_peridevmgr.o(i.gapProcessAdvertisingEvt) referenced 2 times from gap_peridevmgr.o(.data)
 <LI><a href="#[5]">gapProcessConnEvt</a> from gap_centdevmgr.o(i.gapProcessConnEvt) referenced 2 times from gap_centdevmgr.o(.data)
 <LI><a href="#[3]">gapProcessScanningEvt</a> from gap_centdevmgr.o(i.gapProcessScanningEvt) referenced 2 times from gap_centdevmgr.o(.data)
 <LI><a href="#[8]">gapSetAdvParams</a> from gap_peridevmgr.o(i.gapSetAdvParams) referenced 2 times from gap_peridevmgr.o(.data)
 <LI><a href="#[99]">gattClientHandleConnStatusCB</a> from gatt_client.o(i.gattClientHandleConnStatusCB) referenced from gatt_client.o(i.GATT_InitClient)
 <LI><a href="#[a7]">gattClientHandleTimerCB</a> from gatt_client.o(i.gattClientHandleTimerCB) referenced from gatt_client.o(i.gattStoreClientInfo)
 <LI><a href="#[98]">gattClientProcessMsgCB</a> from gatt_client.o(i.gattClientProcessMsgCB) referenced from gatt_client.o(i.GATT_InitClient)
 <LI><a href="#[cc]">gattProcessExchangeMTUReq</a> from gatt_server.o(i.gattProcessExchangeMTUReq) referenced from gatt_server.o(.constdata)
 <LI><a href="#[dd]">gattProcessExecuteWriteReq</a> from gatt_server.o(i.gattProcessExecuteWriteReq) referenced from gatt_server.o(.constdata)
 <LI><a href="#[d0]">gattProcessFindByTypeValueReq</a> from gatt_server.o(i.gattProcessFindByTypeValueReq) referenced from gatt_server.o(.constdata)
 <LI><a href="#[ce]">gattProcessFindInfoReq</a> from gatt_server.o(i.gattProcessFindInfoReq) referenced from gatt_server.o(.constdata)
 <LI><a href="#[d8]">gattProcessReadByGrpTypeReq</a> from gatt_server.o(i.gattProcessReadByGrpTypeReq) referenced from gatt_server.o(.constdata)
 <LI><a href="#[d2]">gattProcessReadByTypeReq</a> from gatt_server.o(i.gattProcessReadByTypeReq) referenced from gatt_server.o(.constdata)
 <LI><a href="#[d7]">gattProcessReadMultiReq</a> from gatt_server.o(i.gattProcessReadMultiReq) referenced from gatt_server.o(.constdata)
 <LI><a href="#[d4]">gattProcessReadReq</a> from gatt_server.o(i.gattProcessReadReq) referenced 2 times from gatt_server.o(.constdata)
 <LI><a href="#[da]">gattProcessWriteReq</a> from gatt_server.o(i.gattProcessWriteReq) referenced 2 times from gatt_server.o(.constdata)
 <LI><a href="#[94]">gattServApp_HandleConnStatusCB</a> from gattservapp.o(i.gattServApp_HandleConnStatusCB) referenced from gattservapp.o(i.GATTServApp_Init)
 <LI><a href="#[c0]">gattServApp_WriteAttrCB</a> from gattservapp.o(i.gattServApp_WriteAttrCB) referenced from gattservapp.o(.constdata)
 <LI><a href="#[9b]">gattServerHandleConnStatusCB</a> from gatt_server.o(i.gattServerHandleConnStatusCB) referenced from gatt_server.o(i.GATT_InitServer)
 <LI><a href="#[97]">gattServerHandleTimerCB</a> from gatt_server.o(i.gattServerHandleTimerCB) referenced from gatt_server.o(i.GATT_Indication)
 <LI><a href="#[9a]">gattServerProcessMsgCB</a> from gatt_server.o(i.gattServerProcessMsgCB) referenced from gatt_server.o(i.GATT_InitServer)
 <LI><a href="#[be]">ggs_ReadAttrCB</a> from gapgattserver.o(i.ggs_ReadAttrCB) referenced from gapgattserver.o(.constdata)
 <LI><a href="#[bf]">ggs_WriteAttrCB</a> from gapgattserver.o(i.ggs_WriteAttrCB) referenced from gapgattserver.o(.constdata)
 <LI><a href="#[4c]">hal_UART0_IRQHandler</a> from uart.o(i.hal_UART0_IRQHandler) referenced from uart.o(i.uart_hw_init)
 <LI><a href="#[4c]">hal_UART0_IRQHandler</a> from uart.o(i.hal_UART0_IRQHandler) referenced from jump_table.o(jump_table_mem_area)
 <LI><a href="#[bb]">hal_UART1_IRQHandler</a> from uart.o(i.hal_UART1_IRQHandler) referenced from uart.o(i.uart_hw_init)
 <LI><a href="#[48]">hal_pwrmgr_sleep_process</a> from pwrmgr.o(i.hal_pwrmgr_sleep_process) referenced from jump_table.o(jump_table_mem_area)
 <LI><a href="#[49]">hal_pwrmgr_wakeup_process</a> from pwrmgr.o(i.hal_pwrmgr_wakeup_process) referenced from jump_table.o(jump_table_mem_area)
 <LI><a href="#[4b]">hard_fault</a> from jump_table.o(.emb_text) referenced from jump_table.o(jump_table_mem_area)
 <LI><a href="#[30]">hw_spif_cache_config</a> from flash.o(i.hw_spif_cache_config) referenced from flash.o(i.hal_spif_cache_init)
 <LI><a href="#[9d]">l2capBuildParamUpdateReq</a> from l2cap_util.o(i.l2capBuildParamUpdateReq) referenced from l2cap_if.o(i.L2CAP_ConnParamUpdateReq)
 <LI><a href="#[ab]">l2capHandleTimerCB</a> from l2cap_util.o(i.l2capHandleTimerCB) referenced from l2cap_util.o(i.l2capSendReq)
 <LI><a href="#[70]">l2capPocessFragmentTxData</a> from l2cap_util.o(_section_sram_code_) referenced from patch.o(_section_xip_code_)
 <LI><a href="#[31]">llCalcMaxScanTime1</a> from patch.o(i.llCalcMaxScanTime1) referenced from patch.o(i.ll_patch_multimaster)
 <LI><a href="#[5a]">llConnTerminate1</a> from patch.o(_func_xip_code_.llConnTerminate1) referenced from patch.o(_func_xip_code_.ll_patch_master)
 <LI><a href="#[5a]">llConnTerminate1</a> from patch.o(_func_xip_code_.llConnTerminate1) referenced from patch.o(_func_xip_code_.ll_patch_slave)
 <LI><a href="#[4d]">llMasterEvt_TaskEndOk1</a> from patch.o(i.llMasterEvt_TaskEndOk1) referenced from patch.o(_func_xip_code_.ll_patch_master)
 <LI><a href="#[59]">llProcessMasterControlPacket1</a> from patch.o(i.llProcessMasterControlPacket1) referenced from patch.o(_func_xip_code_.ll_patch_master)
 <LI><a href="#[52]">llProcessMasterControlProcedures1</a> from patch.o(_func_xip_code_.llProcessMasterControlProcedures1) referenced from patch.o(_func_xip_code_.ll_patch_master)
 <LI><a href="#[62]">llProcessSlaveControlPacket1</a> from patch.o(i.llProcessSlaveControlPacket1) referenced from patch.o(_func_xip_code_.ll_patch_slave)
 <LI><a href="#[63]">llProcessSlaveControlProcedures1</a> from patch.o(_func_xip_code_.llProcessSlaveControlProcedures1) referenced from patch.o(_func_xip_code_.ll_patch_slave)
 <LI><a href="#[72]">llProcessTxData1</a> from patch.o(i.llProcessTxData1) referenced from patch.o(_section_xip_code_)
 <LI><a href="#[7b]">llReleaseConnId1</a> from patch.o(i.llReleaseConnId1) referenced from patch.o(_section_xip_code_)
 <LI><a href="#[36]">llSecAdvAllow1</a> from patch.o(i.llSecAdvAllow1) referenced from patch.o(i.ll_patch_multislave)
 <LI><a href="#[61]">llSetupNextSlaveEvent1</a> from patch.o(i.llSetupNextSlaveEvent1) referenced from patch.o(_func_xip_code_.ll_patch_slave)
 <LI><a href="#[55]">llSetupScan1</a> from patch.o(i.llSetupScan1) referenced from patch.o(_func_xip_code_.ll_patch_master)
 <LI><a href="#[37]">llSetupSecAdvEvt1</a> from patch.o(_func_xip_code_.llSetupSecAdvEvt1) referenced from patch.o(i.ll_patch_multislave)
 <LI><a href="#[33]">llSetupSecScan1</a> from patch.o(i.llSetupSecScan1) referenced from patch.o(i.ll_patch_multimaster)
 <LI><a href="#[77]">llSlaveEvt_TaskEndOk1</a> from patch.o(i.llSlaveEvt_TaskEndOk1) referenced from patch.o(_section_xip_code_)
 <LI><a href="#[79]">llWriteTxData1</a> from patch.o(i.llWriteTxData1) referenced from patch.o(_section_xip_code_)
 <LI><a href="#[32]">ll_addTask1</a> from patch.o(i.ll_addTask1) referenced from patch.o(i.ll_patch_multimaster)
 <LI><a href="#[32]">ll_addTask1</a> from patch.o(i.ll_addTask1) referenced from patch.o(i.ll_patch_multislave)
 <LI><a href="#[64]">ll_adptive_adj_next_time1</a> from patch.o(i.ll_adptive_adj_next_time1) referenced from patch.o(_func_xip_code_.ll_patch_slave)
 <LI><a href="#[73]">ll_generateTxBuffer1</a> from patch.o(i.ll_generateTxBuffer1) referenced from patch.o(_section_xip_code_)
 <LI><a href="#[66]">ll_hw_go1</a> from patch.o(i.ll_hw_go1) referenced from patch.o(_section_xip_code_)
 <LI><a href="#[78]">ll_hw_read_tfifo_rtlp1</a> from patch.o(i.ll_hw_read_tfifo_rtlp1) referenced from patch.o(_section_xip_code_)
 <LI><a href="#[53]">ll_processBasicIRQ_SRX0</a> from patch.o(i.ll_processBasicIRQ_SRX0) referenced from patch.o(_func_xip_code_.ll_patch_master)
 <LI><a href="#[54]">ll_processBasicIRQ_ScanTRX0</a> from patch.o(i.ll_processBasicIRQ_ScanTRX0) referenced from patch.o(_func_xip_code_.ll_patch_master)
 <LI><a href="#[5d]">ll_processBasicIRQ_secScanTRX0</a> from patch.o(i.ll_processBasicIRQ_secScanTRX0) referenced from patch.o(_func_xip_code_.ll_patch_secscan_activescan)
 <LI><a href="#[38]">ll_processBasicIRQ_secondaryAdvTRX0</a> from patch.o(i.ll_processBasicIRQ_secondaryAdvTRX0) referenced from patch.o(i.ll_patch_multislave)
 <LI><a href="#[35]">ll_processBasicIRQ_secondaryInitSRX0</a> from patch.o(i.ll_processBasicIRQ_secondaryInitSRX0) referenced from patch.o(i.ll_patch_multimaster)
 <LI><a href="#[5c]">ll_processBasicIRQ_secondaryScanSRX0_activescan</a> from patch.o(i.ll_processBasicIRQ_secondaryScanSRX0_activescan) referenced from patch.o(_func_xip_code_.ll_patch_secscan_activescan)
 <LI><a href="#[7e]">ll_read_rxfifo1</a> from patch.o(i.ll_read_rxfifo1) referenced from patch.o(_section_xip_code_)
 <LI><a href="#[34]">ll_scheduler_multiconn</a> from patch.o(i.ll_scheduler_multiconn) referenced from patch.o(i.ll_patch_multimaster)
 <LI><a href="#[34]">ll_scheduler_multiconn</a> from patch.o(i.ll_scheduler_multiconn) referenced from patch.o(i.ll_patch_multislave)
 <LI><a href="#[56]">ll_scheduler_singleconn</a> from patch.o(i.ll_scheduler_singleconn) referenced from patch.o(_func_xip_code_.ll_patch_master)
 <LI><a href="#[56]">ll_scheduler_singleconn</a> from patch.o(i.ll_scheduler_singleconn) referenced from patch.o(_func_xip_code_.ll_patch_slave)
 <LI><a href="#[2c]">main</a> from main.o(i.main) referenced from entry9a.o(.ARM.Collect$$$$0000000B)
 <LI><a href="#[57]">move_to_master_function2</a> from patch.o(i.move_to_master_function2) referenced from patch.o(_func_xip_code_.ll_patch_master)
 <LI><a href="#[60]">move_to_slave_function1</a> from patch.o(i.move_to_slave_function1) referenced from patch.o(_func_xip_code_.ll_patch_slave)
 <LI><a href="#[39]">move_to_slave_function_multiConn</a> from patch.o(i.move_to_slave_function_multiConn) referenced from patch.o(i.ll_patch_multislave)
 <LI><a href="#[9f]">multiProfile_HandleConnStatusCB</a> from multiroleprofile.o(i.multiProfile_HandleConnStatusCB) referenced from multiroleprofile.o(i.MultiProfile_AddService)
 <LI><a href="#[c1]">multiProfile_ReadAttrCB</a> from multiroleprofile.o(i.multiProfile_ReadAttrCB) referenced from multiroleprofile.o(.constdata)
 <LI><a href="#[c2]">multiProfile_WriteAttrCB</a> from multiroleprofile.o(i.multiProfile_WriteAttrCB) referenced from multiroleprofile.o(.constdata)
 <LI><a href="#[45]">multiRoleApp_ProcessEvent</a> from multi_role.o(i.multiRoleApp_ProcessEvent) referenced from osal_multi_role.o(_section_sram_code_)
 <LI><a href="#[c5]">multiRoleEachScanCB</a> from multi_role.o(i.multiRoleEachScanCB) referenced from multi_role.o(.constdata)
 <LI><a href="#[c9]">multiRoleEstablishCB</a> from multi_role.o(i.multiRoleEstablishCB) referenced from multi_role.o(.constdata)
 <LI><a href="#[c8]">multiRoleNotifyCB</a> from multi_role.o(i.multiRoleNotifyCB) referenced from multi_role.o(.constdata)
 <LI><a href="#[bd]">multiRolePairStateCB</a> from multi.o(i.multiRolePairStateCB) referenced from multi.o(.constdata)
 <LI><a href="#[bc]">multiRolePasscodeCB</a> from multi.o(i.multiRolePasscodeCB) referenced from multi.o(.constdata)
 <LI><a href="#[0]">multiRoleProfileChangeCB</a> from multi_role.o(i.multiRoleProfileChangeCB) referenced 2 times from multi_role.o(.data)
 <LI><a href="#[c7]">multiRoleSDPCB</a> from multi_role.o(i.multiRoleSDPCB) referenced from multi_role.o(.constdata)
 <LI><a href="#[c6]">multiRoleScanDoneCB</a> from multi_role.o(i.multiRoleScanDoneCB) referenced from multi_role.o(.constdata)
 <LI><a href="#[ca]">multiRoleTerminateCB</a> from multi_role.o(i.multiRoleTerminateCB) referenced from multi_role.o(.constdata)
 <LI><a href="#[47]">osalInitTasks</a> from osal_multi_role.o(i.osalInitTasks) referenced from jump_table.o(jump_table_mem_area)
 <LI><a href="#[3d]">osal_CbTimerProcessEvent</a> from bb_rom_sym_m0.txt(ABSOLUTE) referenced from osal_multi_role.o(_section_sram_code_)
 <LI><a href="#[76]">osal_idle_task0</a> from patch.o(i.osal_idle_task0) referenced from patch.o(_section_xip_code_)
 <LI><a href="#[ad]">ppsp_impl_serv_rmsg_hdlr</a> from ppsp_impl.o(i.ppsp_impl_serv_rmsg_hdlr) referenced from ppsp_impl.o(i.ppsp_impl_reg_serv_appl)
 <LI><a href="#[c3]">ppsp_serv_get_attr</a> from ppsp_serv.o(i.ppsp_serv_get_attr) referenced from ppsp_serv.o(.constdata)
 <LI><a href="#[ae]">ppsp_serv_hdlr_conn_stat</a> from ppsp_serv.o(i.ppsp_serv_hdlr_conn_stat) referenced from ppsp_serv.o(i.ppsp_serv_add_serv)
 <LI><a href="#[c4]">ppsp_serv_set_attr</a> from ppsp_serv.o(i.ppsp_serv_set_attr) referenced from ppsp_serv.o(.constdata)
 <LI><a href="#[ac]">ppsp_serv_set_para</a> from ppsp_serv.o(i.ppsp_serv_set_para) referenced from ppsp_impl.o(i.ppsp_impl_reg_serv_appl)
 <LI><a href="#[68]">rf_calibrate1</a> from rf_phy_driver.o(i.rf_calibrate1) referenced from patch.o(_section_xip_code_)
 <LI><a href="#[69]">rf_phy_change_cfg0</a> from rf_phy_driver.o(i.rf_phy_change_cfg0) referenced from patch.o(_section_xip_code_)
 <LI><a href="#[4a]">rf_phy_ini</a> from rf_phy_driver.o(i.rf_phy_ini) referenced from jump_table.o(jump_table_mem_area)
 <LI><a href="#[1]">simple_reset_hdlr</a> from slb_app.o(i.simple_reset_hdlr) referenced 2 times from slb_app.o(.data)
 <LI><a href="#[a]">smInitiatorSendNextKeyInfo</a> from sm_intpairing.o(i.smInitiatorSendNextKeyInfo) referenced 2 times from sm_intpairing.o(.data)
 <LI><a href="#[a3]">smLinkCheck</a> from sm_pairing.o(i.smLinkCheck) referenced from sm_task.o(i.SM_Init)
 <LI><a href="#[e]">smResponderProcessLTKReq</a> from sm_rsppairing.o(i.smResponderProcessLTKReq) referenced 2 times from sm_rsppairing.o(.data)
 <LI><a href="#[d]">smResponderSendNextKeyInfo</a> from sm_rsppairing.o(i.smResponderSendNextKeyInfo) referenced 2 times from sm_rsppairing.o(.data)
 <LI><a href="#[b3]">smState_timerCB</a> from sm_task.o(i.smState_timerCB) referenced from sm_intpairing.o(i.smInitiatorSendNextKeyInfo)
 <LI><a href="#[b3]">smState_timerCB</a> from sm_task.o(i.smState_timerCB) referenced from sm_rsppairing.o(i.smResponderSendNextKeyInfo)
 <LI><a href="#[ba]">smTo_timerCB</a> from sm_task.o(i.smTo_timerCB) referenced from sm_mgr.o(i.smStartRspTimer)
 <LI><a href="#[b4]">smpBuildEncInfo</a> from smp.o(i.smpBuildEncInfo) referenced from sm_pairing.o(i.smPairingSendEncInfo)
 <LI><a href="#[b5]">smpBuildIdentityAddrInfo</a> from smp.o(i.smpBuildIdentityAddrInfo) referenced from sm_pairing.o(i.smPairingSendIdentityAddrInfo)
 <LI><a href="#[b6]">smpBuildIdentityInfo</a> from smp.o(i.smpBuildIdentityInfo) referenced from sm_pairing.o(i.smPairingSendIdentityInfo)
 <LI><a href="#[b7]">smpBuildMasterID</a> from smp.o(i.smpBuildMasterID) referenced from sm_pairing.o(i.smPairingSendMasterID)
 <LI><a href="#[af]">smpBuildPairingConfirm</a> from smp.o(i.smpBuildPairingConfirm) referenced from sm_pairing.o(i.smGenerateConfirm)
 <LI><a href="#[b9]">smpBuildPairingFailed</a> from smp.o(i.smpBuildPairingFailed) referenced from sm_pairing.o(i.smSendFailAndEnd)
 <LI><a href="#[b2]">smpBuildPairingRandom</a> from smp.o(i.smpBuildPairingRandom) referenced from sm_pairing.o(i.smGenerateRandMsg)
 <LI><a href="#[b0]">smpBuildPairingReq</a> from smp.o(i.smpBuildPairingReq) referenced from sm_pairing.o(i.smGeneratePairingReqRsp)
 <LI><a href="#[b1]">smpBuildPairingRsp</a> from smp.o(i.smpBuildPairingRsp) referenced from sm_pairing.o(i.smGeneratePairingReqRsp)
 <LI><a href="#[93]">smpBuildSecurityReq</a> from smp.o(i.smpBuildSecurityReq) referenced from gap_perilinkmgr.o(i.GAP_SendSlaveSecurityRequest)
 <LI><a href="#[b8]">smpBuildSigningInfo</a> from smp.o(i.smpBuildSigningInfo) referenced from sm_pairing.o(i.smPairingSendSingingInfo)
 <LI><a href="#[9]">smpInitiatorProcessIncoming</a> from sm_intpairing.o(i.smpInitiatorProcessIncoming) referenced 2 times from sm_intpairing.o(.data)
 <LI><a href="#[c]">smpResponderProcessIncoming</a> from sm_rsppairing.o(i.smpResponderProcessIncoming) referenced 2 times from sm_rsppairing.o(.data)
 <LI><a href="#[aa]">uart_wakeup_process_0</a> from uart.o(i.uart_wakeup_process_0) referenced from uart.o(i.hal_uart_init)
 <LI><a href="#[a9]">uart_wakeup_process_1</a> from uart.o(i.uart_wakeup_process_1) referenced from uart.o(i.hal_uart_init)
 <LI><a href="#[6f]">wakeupProcess1</a> from patch.o(i.wakeupProcess1) referenced from patch.o(_section_xip_code_)
 <LI><a href="#[6e]">wakeup_init1</a> from patch.o(i.wakeup_init1) referenced from patch.o(_section_xip_code_)
</UL>
<P>
<H3>
Global Symbols
</H3>
<P><STRONG><a name="[17e]"></a>__aeabi_uidivmod</STRONG> (Thumb, 0 bytes, Stack size 0 bytes, bb_rom_sym_m0.txt(ABSOLUTE))
<BR><BR>[Called By]<UL><LI><a href="#[3c3]">&gt;&gt;</a>&nbsp;&nbsp;&nbsp;uart_hw_init (via Veneer)
<LI><a href="#[3bc]">&gt;&gt;</a>&nbsp;&nbsp;&nbsp;hal_fs_item_write (via Veneer)
<LI><a href="#[3b2]">&gt;&gt;</a>&nbsp;&nbsp;&nbsp;hal_fs_garbage_collect (via Veneer)
<LI><a href="#[3d7]">&gt;&gt;</a>&nbsp;&nbsp;&nbsp;number (via Veneer)
<LI><a href="#[3a4]">&gt;&gt;</a>&nbsp;&nbsp;&nbsp;gattServApp_ProcessReadByTypeReq (via Veneer)
<LI><a href="#[3a6]">&gt;&gt;</a>&nbsp;&nbsp;&nbsp;gattServApp_ProcessReadByGrpTypeReq (via Veneer)
<LI><a href="#[287]">&gt;&gt;</a>&nbsp;&nbsp;&nbsp;gapBondMgrAddBond (via Veneer)
<LI><a href="#[27e]">&gt;&gt;</a>&nbsp;&nbsp;&nbsp;GAPBondMgr_PasscodeRsp (via Veneer)
<LI><a href="#[3b7]">&gt;&gt;</a>&nbsp;&nbsp;&nbsp;hal_fs_item_set (via Veneer)
<LI><a href="#[366]">&gt;&gt;</a>&nbsp;&nbsp;&nbsp;fs_search_items (via Veneer)
<LI><a href="#[58]">&gt;&gt;</a>&nbsp;&nbsp;&nbsp;LL_CreateConn1 (via Veneer)
<LI><a href="#[208]">&gt;&gt;</a>&nbsp;&nbsp;&nbsp;LL_ConnUpdate1 (via Veneer)
<LI><a href="#[17c]">&gt;&gt;</a>&nbsp;&nbsp;&nbsp;llGenerateNextBackoffCount1 (via Veneer)
<LI><a href="#[3c6]">&gt;&gt;</a>&nbsp;&nbsp;&nbsp;l2capPktToSegmentBuff (via Veneer)
<LI><a href="#[a6]">&gt;&gt;</a>&nbsp;&nbsp;&nbsp;ATT_ParseReadByTypeRsp (via Veneer)
<LI><a href="#[95]">&gt;&gt;</a>&nbsp;&nbsp;&nbsp;ATT_ParseReadByGrpTypeRsp (via Veneer)
<LI><a href="#[6f]">&gt;&gt;</a>&nbsp;&nbsp;&nbsp;wakeupProcess1 (via Veneer)
<LI><a href="#[34]">&gt;&gt;</a>&nbsp;&nbsp;&nbsp;ll_scheduler_multiconn (via Veneer)
<LI><a href="#[64]">&gt;&gt;</a>&nbsp;&nbsp;&nbsp;ll_adptive_adj_next_time1 (via Veneer)
</UL>

<P><STRONG><a name="[1f8]"></a>__aeabi_idivmod</STRONG> (Thumb, 0 bytes, Stack size 0 bytes, bb_rom_sym_m0.txt(ABSOLUTE))
<BR><BR>[Called By]<UL><LI><a href="#[3b4]">&gt;&gt;</a>&nbsp;&nbsp;&nbsp;hal_fs_get_free_size (via Veneer)
<LI><a href="#[363]">&gt;&gt;</a>&nbsp;&nbsp;&nbsp;fs_init (via Veneer)
<LI><a href="#[1f0]">&gt;&gt;</a>&nbsp;&nbsp;&nbsp;rf_phy_dtm_trigged (via Veneer)
</UL>

<P><STRONG><a name="[198]"></a>__aeabi_memcpy</STRONG> (Thumb, 0 bytes, Stack size 0 bytes, bb_rom_sym_m0.txt(ABSOLUTE))
<BR><BR>[Called By]<UL><LI><a href="#[3c4]">&gt;&gt;</a>&nbsp;&nbsp;&nbsp;txmit_buf_use_tx_buf (via Veneer)
<LI><a href="#[316]">&gt;&gt;</a>&nbsp;&nbsp;&nbsp;GGS_SetParameter (via Veneer)
<LI><a href="#[58]">&gt;&gt;</a>&nbsp;&nbsp;&nbsp;LL_CreateConn1 (via Veneer)
<LI><a href="#[35]">&gt;&gt;</a>&nbsp;&nbsp;&nbsp;ll_processBasicIRQ_secondaryInitSRX0 (via Veneer)
<LI><a href="#[79]">&gt;&gt;</a>&nbsp;&nbsp;&nbsp;llWriteTxData1 (via Veneer)
</UL>

<P><STRONG><a name="[165]"></a>__aeabi_memcpy4</STRONG> (Thumb, 0 bytes, Stack size 0 bytes, bb_rom_sym_m0.txt(ABSOLUTE))
<BR><BR>[Called By]<UL><LI><a href="#[164]">&gt;&gt;</a>&nbsp;&nbsp;&nbsp;hal_low_power_io_init (via Veneer)
<LI><a href="#[33c]">&gt;&gt;</a>&nbsp;&nbsp;&nbsp;bdAddr2Str (via Veneer)
<LI><a href="#[3e3]">&gt;&gt;</a>&nbsp;&nbsp;&nbsp;multiRoleAPP_AdvInit (via Veneer)
</UL>

<P><STRONG><a name="[16b]"></a>__aeabi_memclr4</STRONG> (Thumb, 0 bytes, Stack size 0 bytes, bb_rom_sym_m0.txt(ABSOLUTE))
<BR><BR>[Called By]<UL><LI><a href="#[35f]">&gt;&gt;</a>&nbsp;&nbsp;&nbsp;hal_uart_init (via Veneer)
<LI><a href="#[16a]">&gt;&gt;</a>&nbsp;&nbsp;&nbsp;hal_pwrmgr_init (via Veneer)
<LI><a href="#[1d1]">&gt;&gt;</a>&nbsp;&nbsp;&nbsp;hal_gpio_init (via Veneer)
<LI><a href="#[14c]">&gt;&gt;</a>&nbsp;&nbsp;&nbsp;LL_InitConnectContext (via Veneer)
</UL>

<P><STRONG><a name="[105]"></a>__aeabi_uread4</STRONG> (Thumb, 0 bytes, Stack size 0 bytes, bb_rom_sym_m0.txt(ABSOLUTE))
<BR><BR>[Called By]<UL><LI><a href="#[1ed]">&gt;&gt;</a>&nbsp;&nbsp;&nbsp;rf_phy_dtm_reg_process (via Veneer)
<LI><a href="#[6b]">&gt;&gt;</a>&nbsp;&nbsp;&nbsp;LL_ENC_Encrypt1 (via Veneer)
<LI><a href="#[51]">&gt;&gt;</a>&nbsp;&nbsp;&nbsp;LL_ENC_Decrypt1 (via Veneer)
</UL>

<P><STRONG><a name="[20c]"></a>HCI_CommandCompleteEvent</STRONG> (Thumb, 0 bytes, Stack size 0 bytes, bb_rom_sym_m0.txt(ABSOLUTE))
<BR><BR>[Called By]<UL><LI><a href="#[20f]">&gt;&gt;</a>&nbsp;&nbsp;&nbsp;HCI_LE_SetRandomAddressCmd (via Veneer)
<LI><a href="#[20d]">&gt;&gt;</a>&nbsp;&nbsp;&nbsp;HCI_LE_LtkReqReplyCmd (via Veneer)
<LI><a href="#[20a]">&gt;&gt;</a>&nbsp;&nbsp;&nbsp;HCI_LE_LtkReqNegReplyCmd (via Veneer)
</UL>

<P><STRONG><a name="[209]"></a>HCI_CommandStatusEvent</STRONG> (Thumb, 0 bytes, Stack size 0 bytes, bb_rom_sym_m0.txt(ABSOLUTE))
<BR><BR>[Called By]<UL><LI><a href="#[207]">&gt;&gt;</a>&nbsp;&nbsp;&nbsp;HCI_LE_ConnUpdateCmd (via Veneer)
</UL>

<P><STRONG><a name="[2e1]"></a>HCI_DisconnectCmd</STRONG> (Thumb, 0 bytes, Stack size 0 bytes, bb_rom_sym_m0.txt(ABSOLUTE))
<BR><BR>[Called By]<UL><LI><a href="#[289]">&gt;&gt;</a>&nbsp;&nbsp;&nbsp;GAP_TerminateLinkReq (via Veneer)
<LI><a href="#[2e0]">&gt;&gt;</a>&nbsp;&nbsp;&nbsp;disconnectNext (via Veneer)
</UL>

<P><STRONG><a name="[2cb]"></a>HCI_GAPTaskRegister</STRONG> (Thumb, 0 bytes, Stack size 0 bytes, bb_rom_sym_m0.txt(ABSOLUTE))
<BR><BR>[Called By]<UL><LI><a href="#[1e0]">&gt;&gt;</a>&nbsp;&nbsp;&nbsp;GAP_Init (via Veneer)
</UL>

<P><STRONG><a name="[31f]"></a>HCI_HostNumCompletedPktCmd</STRONG> (Thumb, 0 bytes, Stack size 0 bytes, bb_rom_sym_m0.txt(ABSOLUTE))
<BR><BR>[Called By]<UL><LI><a href="#[300]">&gt;&gt;</a>&nbsp;&nbsp;&nbsp;L2CAP_HostNumCompletedPkts (via Veneer)
</UL>

<P><STRONG><a name="[1dc]"></a>HCI_Init</STRONG> (Thumb, 0 bytes, Stack size 0 bytes, bb_rom_sym_m0.txt(ABSOLUTE))
<BR><BR>[Called By]<UL><LI><a href="#[47]">&gt;&gt;</a>&nbsp;&nbsp;&nbsp;osalInitTasks (via Veneer)
</UL>

<P><STRONG><a name="[320]"></a>HCI_L2CAPTaskRegister</STRONG> (Thumb, 0 bytes, Stack size 0 bytes, bb_rom_sym_m0.txt(ABSOLUTE))
<BR><BR>[Called By]<UL><LI><a href="#[1de]">&gt;&gt;</a>&nbsp;&nbsp;&nbsp;L2CAP_Init (via Veneer)
</UL>

<P><STRONG><a name="[36c]"></a>HCI_LE_AddWhiteListCmd</STRONG> (Thumb, 0 bytes, Stack size 0 bytes, bb_rom_sym_m0.txt(ABSOLUTE))
<BR><BR>[Called By]<UL><LI><a href="#[367]">&gt;&gt;</a>&nbsp;&nbsp;&nbsp;gapBondMgr_SyncWhiteList (via Veneer)
</UL>

<P><STRONG><a name="[36b]"></a>HCI_LE_ClearWhiteListCmd</STRONG> (Thumb, 0 bytes, Stack size 0 bytes, bb_rom_sym_m0.txt(ABSOLUTE))
<BR><BR>[Called By]<UL><LI><a href="#[367]">&gt;&gt;</a>&nbsp;&nbsp;&nbsp;gapBondMgr_SyncWhiteList (via Veneer)
</UL>

<P><STRONG><a name="[36d]"></a>HCI_LE_CreateConnCancelCmd</STRONG> (Thumb, 0 bytes, Stack size 0 bytes, bb_rom_sym_m0.txt(ABSOLUTE))
<BR><BR>[Called By]<UL><LI><a href="#[4]">&gt;&gt;</a>&nbsp;&nbsp;&nbsp;gapCancelLinkReq (via Veneer)
</UL>

<P><STRONG><a name="[2c9]"></a>HCI_LE_CreateConnCmd</STRONG> (Thumb, 0 bytes, Stack size 0 bytes, bb_rom_sym_m0.txt(ABSOLUTE))
<BR><BR>[Called By]<UL><LI><a href="#[29d]">&gt;&gt;</a>&nbsp;&nbsp;&nbsp;GAP_EstablishLinkReq (via Veneer)
</UL>

<P><STRONG><a name="[42f]"></a>HCI_LE_RandCmd</STRONG> (Thumb, 0 bytes, Stack size 0 bytes, bb_rom_sym_m0.txt(ABSOLUTE))
<BR><BR>[Called By]<UL><LI><a href="#[42e]">&gt;&gt;</a>&nbsp;&nbsp;&nbsp;smProcessRandComplete (via Veneer)
</UL>

<P><STRONG><a name="[38b]"></a>HCI_LE_ReadBufSizeCmd</STRONG> (Thumb, 0 bytes, Stack size 0 bytes, bb_rom_sym_m0.txt(ABSOLUTE))
<BR><BR>[Called By]<UL><LI><a href="#[387]">&gt;&gt;</a>&nbsp;&nbsp;&nbsp;gapReadBD_ADDRStatus (via Veneer)
</UL>

<P><STRONG><a name="[2e3]"></a>HCI_LE_SetAdvDataCmd</STRONG> (Thumb, 0 bytes, Stack size 0 bytes, bb_rom_sym_m0.txt(ABSOLUTE))
<BR><BR>[Called By]<UL><LI><a href="#[2e2]">&gt;&gt;</a>&nbsp;&nbsp;&nbsp;GAP_UpdateAdvertisingData (via Veneer)
</UL>

<P><STRONG><a name="[2c6]"></a>HCI_LE_SetAdvEnableCmd</STRONG> (Thumb, 0 bytes, Stack size 0 bytes, bb_rom_sym_m0.txt(ABSOLUTE))
<BR><BR>[Called By]<UL><LI><a href="#[2c5]">&gt;&gt;</a>&nbsp;&nbsp;&nbsp;GAP_EndDiscoverable (via Veneer)
<LI><a href="#[374]">&gt;&gt;</a>&nbsp;&nbsp;&nbsp;gapSetAdvParamsStatus (via Veneer)
</UL>

<P><STRONG><a name="[392]"></a>HCI_LE_SetAdvParamCmd</STRONG> (Thumb, 0 bytes, Stack size 0 bytes, bb_rom_sym_m0.txt(ABSOLUTE))
<BR><BR>[Called By]<UL><LI><a href="#[8]">&gt;&gt;</a>&nbsp;&nbsp;&nbsp;gapSetAdvParams (via Veneer)
</UL>

<P><STRONG><a name="[349]"></a>HCI_LE_SetDataLengthCmd</STRONG> (Thumb, 0 bytes, Stack size 0 bytes, bb_rom_sym_m0.txt(ABSOLUTE))
<BR><BR>[Called By]<UL><LI><a href="#[a2]">&gt;&gt;</a>&nbsp;&nbsp;&nbsp;Multi_centralAction (via Veneer)
</UL>

<P><STRONG><a name="[38f]"></a>HCI_LE_SetScanEnableCmd</STRONG> (Thumb, 0 bytes, Stack size 0 bytes, bb_rom_sym_m0.txt(ABSOLUTE))
<BR><BR>[Called By]<UL><LI><a href="#[2bd]">&gt;&gt;</a>&nbsp;&nbsp;&nbsp;gapSendScanEnable (via Veneer)
</UL>

<P><STRONG><a name="[2be]"></a>HCI_LE_SetScanParamCmd</STRONG> (Thumb, 0 bytes, Stack size 0 bytes, bb_rom_sym_m0.txt(ABSOLUTE))
<BR><BR>[Called By]<UL><LI><a href="#[2ae]">&gt;&gt;</a>&nbsp;&nbsp;&nbsp;GAP_DeviceDiscoveryRequest (via Veneer)
</UL>

<P><STRONG><a name="[2e4]"></a>HCI_LE_SetScanRspDataCmd</STRONG> (Thumb, 0 bytes, Stack size 0 bytes, bb_rom_sym_m0.txt(ABSOLUTE))
<BR><BR>[Called By]<UL><LI><a href="#[2e2]">&gt;&gt;</a>&nbsp;&nbsp;&nbsp;GAP_UpdateAdvertisingData (via Veneer)
</UL>

<P><STRONG><a name="[356]"></a>HCI_LE_StartEncyptCmd</STRONG> (Thumb, 0 bytes, Stack size 0 bytes, bb_rom_sym_m0.txt(ABSOLUTE))
<BR><BR>[Called By]<UL><LI><a href="#[b]">&gt;&gt;</a>&nbsp;&nbsp;&nbsp;SM_StartEncryption (via Veneer)
</UL>

<P><STRONG><a name="[3c]"></a>HCI_ProcessEvent</STRONG> (Thumb, 0 bytes, Stack size 0 bytes, bb_rom_sym_m0.txt(ABSOLUTE), UNUSED)
<BR>[Address Reference Count : 1]<UL><LI> osal_multi_role.o(_section_sram_code_)
</UL>
<P><STRONG><a name="[2d0]"></a>HCI_ReadBDADDRCmd</STRONG> (Thumb, 0 bytes, Stack size 0 bytes, bb_rom_sym_m0.txt(ABSOLUTE))
<BR><BR>[Called By]<UL><LI><a href="#[2c0]">&gt;&gt;</a>&nbsp;&nbsp;&nbsp;GAP_ParamsInit (via Veneer)
</UL>

<P><STRONG><a name="[350]"></a>HCI_SMPTaskRegister</STRONG> (Thumb, 0 bytes, Stack size 0 bytes, bb_rom_sym_m0.txt(ABSOLUTE))
<BR><BR>[Called By]<UL><LI><a href="#[1df]">&gt;&gt;</a>&nbsp;&nbsp;&nbsp;SM_Init (via Veneer)
</UL>

<P><STRONG><a name="[fe]"></a>HCI_SendDataPkt</STRONG> (Thumb, 0 bytes, Stack size 0 bytes, bb_rom_sym_m0.txt(ABSOLUTE))
<BR><BR>[Called By]<UL><LI><a href="#[fd]">&gt;&gt;</a>&nbsp;&nbsp;&nbsp;L2CAP_Fragment_SendDataPkt (via Veneer)
</UL>

<P><STRONG><a name="[388]"></a>HCI_ValidConnTimeParams</STRONG> (Thumb, 0 bytes, Stack size 0 bytes, bb_rom_sym_m0.txt(ABSOLUTE))
<BR><BR>[Called By]<UL><LI><a href="#[377]">&gt;&gt;</a>&nbsp;&nbsp;&nbsp;gapProcessL2CAPSignalEvt (via Veneer)
</UL>

<P><STRONG><a name="[32b]"></a>HCI_bm_alloc</STRONG> (Thumb, 0 bytes, Stack size 0 bytes, bb_rom_sym_m0.txt(ABSOLUTE))
<BR><BR>[Called By]<UL><LI><a href="#[32a]">&gt;&gt;</a>&nbsp;&nbsp;&nbsp;L2CAP_bm_alloc (via Veneer)
</UL>

<P><STRONG><a name="[11]"></a>HardFault_Handler</STRONG> (Thumb, 0 bytes, Stack size 0 bytes, bb_rom_sym_m0.txt(ABSOLUTE), UNUSED)
<BR>[Address Reference Count : 1]<UL><LI> startup_armcm0.o(RESET)
</UL>
<P><STRONG><a name="[101]"></a>LL_AdvReportCback</STRONG> (Thumb, 0 bytes, Stack size 0 bytes, bb_rom_sym_m0.txt(ABSOLUTE))
<BR><BR>[Called By]<UL><LI><a href="#[5c]">&gt;&gt;</a>&nbsp;&nbsp;&nbsp;ll_processBasicIRQ_secondaryScanSRX0_activescan (via Veneer)
<LI><a href="#[5d]">&gt;&gt;</a>&nbsp;&nbsp;&nbsp;ll_processBasicIRQ_secScanTRX0 (via Veneer)
<LI><a href="#[100]">&gt;&gt;</a>&nbsp;&nbsp;&nbsp;LL_AdvReportCback_Patch (via Veneer)
</UL>

<P><STRONG><a name="[211]"></a>LL_ConnActive</STRONG> (Thumb, 0 bytes, Stack size 0 bytes, bb_rom_sym_m0.txt(ABSOLUTE))
<BR><BR>[Called By]<UL><LI><a href="#[50]">&gt;&gt;</a>&nbsp;&nbsp;&nbsp;LL_StartEncrypt1 (via Veneer)
<LI><a href="#[20e]">&gt;&gt;</a>&nbsp;&nbsp;&nbsp;LL_EncLtkReply (via Veneer)
<LI><a href="#[20b]">&gt;&gt;</a>&nbsp;&nbsp;&nbsp;LL_EncLtkNegReply (via Veneer)
<LI><a href="#[208]">&gt;&gt;</a>&nbsp;&nbsp;&nbsp;LL_ConnUpdate1 (via Veneer)
</UL>

<P><STRONG><a name="[24c]"></a>LL_CreateConnCancel0</STRONG> (Thumb, 0 bytes, Stack size 0 bytes, bb_rom_sym_m0.txt(ABSOLUTE))
<BR><BR>[Called By]<UL><LI><a href="#[5b]">&gt;&gt;</a>&nbsp;&nbsp;&nbsp;LL_CreateConnCancel1 (via Veneer)
</UL>

<P><STRONG><a name="[21a]"></a>LL_Disconnect0</STRONG> (Thumb, 0 bytes, Stack size 0 bytes, bb_rom_sym_m0.txt(ABSOLUTE))
<BR><BR>[Called By]<UL><LI><a href="#[75]">&gt;&gt;</a>&nbsp;&nbsp;&nbsp;LL_Disconnect1 (via Veneer)
</UL>

<P><STRONG><a name="[11e]"></a>LL_DisconnectCback</STRONG> (Thumb, 0 bytes, Stack size 0 bytes, bb_rom_sym_m0.txt(ABSOLUTE))
<BR><BR>[Called By]<UL><LI><a href="#[7d]">&gt;&gt;</a>&nbsp;&nbsp;&nbsp;LL_ProcessEvent1 (via Veneer)
</UL>

<P><STRONG><a name="[15a]"></a>LL_ENC_AES128_Encrypt</STRONG> (Thumb, 0 bytes, Stack size 0 bytes, bb_rom_sym_m0.txt(ABSOLUTE))
<BR><BR>[Called By]<UL><LI><a href="#[227]">&gt;&gt;</a>&nbsp;&nbsp;&nbsp;TRNG_Rand (via Veneer)
<LI><a href="#[3fb]">&gt;&gt;</a>&nbsp;&nbsp;&nbsp;ppsp_impl_ack_serv_msgs_sverify (via Veneer)
<LI><a href="#[3fa]">&gt;&gt;</a>&nbsp;&nbsp;&nbsp;ppsp_impl_ack_serv_msgs_srand (via Veneer)
<LI><a href="#[3f8]">&gt;&gt;</a>&nbsp;&nbsp;&nbsp;ppsp_impl_ack_serv_msgs_sconfirm (via Veneer)
<LI><a href="#[63]">&gt;&gt;</a>&nbsp;&nbsp;&nbsp;llProcessSlaveControlProcedures1 (via Veneer)
<LI><a href="#[13c]">&gt;&gt;</a>&nbsp;&nbsp;&nbsp;finidv (via Veneer)
</UL>

<P><STRONG><a name="[102]"></a>LL_ENC_AES128_Encrypt0</STRONG> (Thumb, 0 bytes, Stack size 0 bytes, bb_rom_sym_m0.txt(ABSOLUTE))
<BR><BR>[Called By]<UL><LI><a href="#[6a]">&gt;&gt;</a>&nbsp;&nbsp;&nbsp;LL_ENC_AES128_Encrypt1 (via Veneer)
</UL>

<P><STRONG><a name="[193]"></a>LL_ENC_Encrypt</STRONG> (Thumb, 0 bytes, Stack size 0 bytes, bb_rom_sym_m0.txt(ABSOLUTE))
<BR><BR>[Called By]<UL><LI><a href="#[79]">&gt;&gt;</a>&nbsp;&nbsp;&nbsp;llWriteTxData1 (via Veneer)
<LI><a href="#[192]">&gt;&gt;</a>&nbsp;&nbsp;&nbsp;llSetupStartEncRsp (via Veneer)
</UL>

<P><STRONG><a name="[222]"></a>LL_ENC_GenDeviceIV</STRONG> (Thumb, 0 bytes, Stack size 0 bytes, bb_rom_sym_m0.txt(ABSOLUTE))
<BR><BR>[Called By]<UL><LI><a href="#[50]">&gt;&gt;</a>&nbsp;&nbsp;&nbsp;LL_StartEncrypt1 (via Veneer)
</UL>

<P><STRONG><a name="[221]"></a>LL_ENC_GenDeviceSKD</STRONG> (Thumb, 0 bytes, Stack size 0 bytes, bb_rom_sym_m0.txt(ABSOLUTE))
<BR><BR>[Called By]<UL><LI><a href="#[50]">&gt;&gt;</a>&nbsp;&nbsp;&nbsp;LL_StartEncrypt1 (via Veneer)
</UL>

<P><STRONG><a name="[104]"></a>LL_ENC_GenerateNonce</STRONG> (Thumb, 0 bytes, Stack size 0 bytes, bb_rom_sym_m0.txt(ABSOLUTE))
<BR><BR>[Called By]<UL><LI><a href="#[6b]">&gt;&gt;</a>&nbsp;&nbsp;&nbsp;LL_ENC_Encrypt1 (via Veneer)
<LI><a href="#[51]">&gt;&gt;</a>&nbsp;&nbsp;&nbsp;LL_ENC_Decrypt1 (via Veneer)
</UL>

<P><STRONG><a name="[17d]"></a>LL_ENC_GeneratePseudoRandNum</STRONG> (Thumb, 0 bytes, Stack size 0 bytes, bb_rom_sym_m0.txt(ABSOLUTE))
<BR><BR>[Called By]<UL><LI><a href="#[58]">&gt;&gt;</a>&nbsp;&nbsp;&nbsp;LL_CreateConn1 (via Veneer)
<LI><a href="#[17c]">&gt;&gt;</a>&nbsp;&nbsp;&nbsp;llGenerateNextBackoffCount1 (via Veneer)
</UL>

<P><STRONG><a name="[223]"></a>LL_ENC_GenerateTrueRandNum</STRONG> (Thumb, 0 bytes, Stack size 0 bytes, bb_rom_sym_m0.txt(ABSOLUTE))
<BR><BR>[Called By]<UL><LI><a href="#[50]">&gt;&gt;</a>&nbsp;&nbsp;&nbsp;LL_StartEncrypt1 (via Veneer)
</UL>

<P><STRONG><a name="[103]"></a>LL_ENC_LoadKey</STRONG> (Thumb, 0 bytes, Stack size 0 bytes, bb_rom_sym_m0.txt(ABSOLUTE))
<BR><BR>[Called By]<UL><LI><a href="#[6b]">&gt;&gt;</a>&nbsp;&nbsp;&nbsp;LL_ENC_Encrypt1 (via Veneer)
<LI><a href="#[51]">&gt;&gt;</a>&nbsp;&nbsp;&nbsp;LL_ENC_Decrypt1 (via Veneer)
</UL>

<P><STRONG><a name="[22e]"></a>LL_EncChangeCback</STRONG> (Thumb, 0 bytes, Stack size 0 bytes, bb_rom_sym_m0.txt(ABSOLUTE))
<BR><BR>[Called By]<UL><LI><a href="#[63]">&gt;&gt;</a>&nbsp;&nbsp;&nbsp;llProcessSlaveControlProcedures1 (via Veneer)
<LI><a href="#[52]">&gt;&gt;</a>&nbsp;&nbsp;&nbsp;llProcessMasterControlProcedures1 (via Veneer)
</UL>

<P><STRONG><a name="[22f]"></a>LL_EncKeyRefreshCback</STRONG> (Thumb, 0 bytes, Stack size 0 bytes, bb_rom_sym_m0.txt(ABSOLUTE))
<BR><BR>[Called By]<UL><LI><a href="#[63]">&gt;&gt;</a>&nbsp;&nbsp;&nbsp;llProcessSlaveControlProcedures1 (via Veneer)
<LI><a href="#[52]">&gt;&gt;</a>&nbsp;&nbsp;&nbsp;llProcessMasterControlProcedures1 (via Veneer)
</UL>

<P><STRONG><a name="[242]"></a>LL_EncLtkReqCback</STRONG> (Thumb, 0 bytes, Stack size 0 bytes, bb_rom_sym_m0.txt(ABSOLUTE))
<BR><BR>[Called By]<UL><LI><a href="#[63]">&gt;&gt;</a>&nbsp;&nbsp;&nbsp;llProcessSlaveControlProcedures1 (via Veneer)
</UL>

<P><STRONG><a name="[412]"></a>LL_Encrypt</STRONG> (Thumb, 0 bytes, Stack size 0 bytes, bb_rom_sym_m0.txt(ABSOLUTE))
<BR><BR>[Called By]<UL><LI><a href="#[3ad]">&gt;&gt;</a>&nbsp;&nbsp;&nbsp;smEncryptLocal (via Veneer)
<LI><a href="#[411]">&gt;&gt;</a>&nbsp;&nbsp;&nbsp;smEncrypt (via Veneer)
</UL>

<P><STRONG><a name="[1db]"></a>LL_Init</STRONG> (Thumb, 0 bytes, Stack size 0 bytes, bb_rom_sym_m0.txt(ABSOLUTE))
<BR><BR>[Called By]<UL><LI><a href="#[47]">&gt;&gt;</a>&nbsp;&nbsp;&nbsp;osalInitTasks (via Veneer)
</UL>

<P><STRONG><a name="[3b]"></a>LL_ProcessEvent</STRONG> (Thumb, 0 bytes, Stack size 0 bytes, bb_rom_sym_m0.txt(ABSOLUTE), UNUSED)
<BR>[Address Reference Count : 1]<UL><LI> osal_multi_role.o(_section_sram_code_)
</UL>
<P><STRONG><a name="[11f]"></a>LL_ProcessEvent0</STRONG> (Thumb, 0 bytes, Stack size 0 bytes, bb_rom_sym_m0.txt(ABSOLUTE))
<BR><BR>[Called By]<UL><LI><a href="#[7d]">&gt;&gt;</a>&nbsp;&nbsp;&nbsp;LL_ProcessEvent1 (via Veneer)
</UL>

<P><STRONG><a name="[3f9]"></a>LL_Rand</STRONG> (Thumb, 0 bytes, Stack size 0 bytes, bb_rom_sym_m0.txt(ABSOLUTE))
<BR><BR>[Called By]<UL><LI><a href="#[3f8]">&gt;&gt;</a>&nbsp;&nbsp;&nbsp;ppsp_impl_ack_serv_msgs_sconfirm (via Veneer)
</UL>

<P><STRONG><a name="[218]"></a>LL_ReadBDADDR</STRONG> (Thumb, 0 bytes, Stack size 0 bytes, bb_rom_sym_m0.txt(ABSOLUTE))
<BR><BR>[Called By]<UL><LI><a href="#[58]">&gt;&gt;</a>&nbsp;&nbsp;&nbsp;LL_CreateConn1 (via Veneer)
</UL>

<P><STRONG><a name="[234]"></a>LL_ReadRemoteUsedFeaturesCompleteCback</STRONG> (Thumb, 0 bytes, Stack size 0 bytes, bb_rom_sym_m0.txt(ABSOLUTE))
<BR><BR>[Called By]<UL><LI><a href="#[52]">&gt;&gt;</a>&nbsp;&nbsp;&nbsp;llProcessMasterControlProcedures1 (via Veneer)
</UL>

<P><STRONG><a name="[237]"></a>LL_ReadRemoteVersionInfoCback</STRONG> (Thumb, 0 bytes, Stack size 0 bytes, bb_rom_sym_m0.txt(ABSOLUTE))
<BR><BR>[Called By]<UL><LI><a href="#[63]">&gt;&gt;</a>&nbsp;&nbsp;&nbsp;llProcessSlaveControlProcedures1 (via Veneer)
<LI><a href="#[52]">&gt;&gt;</a>&nbsp;&nbsp;&nbsp;llProcessMasterControlProcedures1 (via Veneer)
</UL>

<P><STRONG><a name="[121]"></a>LL_Reset0</STRONG> (Thumb, 0 bytes, Stack size 0 bytes, bb_rom_sym_m0.txt(ABSOLUTE))
<BR><BR>[Called By]<UL><LI><a href="#[7a]">&gt;&gt;</a>&nbsp;&nbsp;&nbsp;LL_Reset1 (via Veneer)
</UL>

<P><STRONG><a name="[21e]"></a>LL_SetAdvParam0</STRONG> (Thumb, 0 bytes, Stack size 0 bytes, bb_rom_sym_m0.txt(ABSOLUTE))
<BR><BR>[Called By]<UL><LI><a href="#[5e]">&gt;&gt;</a>&nbsp;&nbsp;&nbsp;LL_SetAdvParam1 (via Veneer)
</UL>

<P><STRONG><a name="[21f]"></a>LL_SetDataLengh0</STRONG> (Thumb, 0 bytes, Stack size 0 bytes, bb_rom_sym_m0.txt(ABSOLUTE))
<BR><BR>[Called By]<UL><LI><a href="#[71]">&gt;&gt;</a>&nbsp;&nbsp;&nbsp;LL_SetDataLengh1 (via Veneer)
</UL>

<P><STRONG><a name="[220]"></a>LL_SetScanParam0</STRONG> (Thumb, 0 bytes, Stack size 0 bytes, bb_rom_sym_m0.txt(ABSOLUTE))
<BR><BR>[Called By]<UL><LI><a href="#[4e]">&gt;&gt;</a>&nbsp;&nbsp;&nbsp;LL_SetScanParam1 (via Veneer)
</UL>

<P><STRONG><a name="[31e]"></a>LL_TX_bm_alloc</STRONG> (Thumb, 0 bytes, Stack size 0 bytes, bb_rom_sym_m0.txt(ABSOLUTE))
<BR><BR>[Called By]<UL><LI><a href="#[31d]">&gt;&gt;</a>&nbsp;&nbsp;&nbsp;L2CAP_Fragment_bm_alloc (via Veneer)
</UL>

<P><STRONG><a name="[1c1]"></a>LL_evt_schedule</STRONG> (Thumb, 0 bytes, Stack size 0 bytes, bb_rom_sym_m0.txt(ABSOLUTE))
<BR><BR>[Called By]<UL><LI><a href="#[4f]">&gt;&gt;</a>&nbsp;&nbsp;&nbsp;LL_SetScanControl1 (via Veneer)
<LI><a href="#[54]">&gt;&gt;</a>&nbsp;&nbsp;&nbsp;ll_processBasicIRQ_ScanTRX0 (via Veneer)
<LI><a href="#[53]">&gt;&gt;</a>&nbsp;&nbsp;&nbsp;ll_processBasicIRQ_SRX0 (via Veneer)
</UL>

<P><STRONG><a name="[213]"></a>LL_set_default_conn_params</STRONG> (Thumb, 0 bytes, Stack size 0 bytes, bb_rom_sym_m0.txt(ABSOLUTE))
<BR><BR>[Called By]<UL><LI><a href="#[58]">&gt;&gt;</a>&nbsp;&nbsp;&nbsp;LL_CreateConn1 (via Veneer)
</UL>

<P><STRONG><a name="[122]"></a>LL_set_default_conn_params0</STRONG> (Thumb, 0 bytes, Stack size 0 bytes, bb_rom_sym_m0.txt(ABSOLUTE))
<BR><BR>[Called By]<UL><LI><a href="#[74]">&gt;&gt;</a>&nbsp;&nbsp;&nbsp;LL_set_default_conn_params1 (via Veneer)
</UL>

<P><STRONG><a name="[10]"></a>NMI_Handler</STRONG> (Thumb, 0 bytes, Stack size 0 bytes, bb_rom_sym_m0.txt(ABSOLUTE), UNUSED)
<BR>[Address Reference Count : 1]<UL><LI> startup_armcm0.o(RESET)
</UL>
<P><STRONG><a name="[13]"></a>PendSV_Handler</STRONG> (Thumb, 0 bytes, Stack size 0 bytes, bb_rom_sym_m0.txt(ABSOLUTE), UNUSED)
<BR>[Address Reference Count : 1]<UL><LI> startup_armcm0.o(RESET)
</UL>
<P><STRONG><a name="[148]"></a>WaitRTCCount</STRONG> (Thumb, 0 bytes, Stack size 0 bytes, bb_rom_sym_m0.txt(ABSOLUTE))
<BR><BR>[Called By]<UL><LI><a href="#[1e8]">&gt;&gt;</a>&nbsp;&nbsp;&nbsp;rc32k_calibration (via Veneer)
<LI><a href="#[147]">&gt;&gt;</a>&nbsp;&nbsp;&nbsp;_spif_wait_nobusy_x (via Veneer)
<LI><a href="#[150]">&gt;&gt;</a>&nbsp;&nbsp;&nbsp;check_96MXtal_by_rcTracking (via Veneer)
<LI><a href="#[14e]">&gt;&gt;</a>&nbsp;&nbsp;&nbsp;check_16MXtal_by_rcTracking (via Veneer)
<LI><a href="#[226]">&gt;&gt;</a>&nbsp;&nbsp;&nbsp;TRNG_Output (via Veneer)
<LI><a href="#[6e]">&gt;&gt;</a>&nbsp;&nbsp;&nbsp;wakeup_init1 (via Veneer)
<LI><a href="#[6f]">&gt;&gt;</a>&nbsp;&nbsp;&nbsp;wakeupProcess1 (via Veneer)
<LI><a href="#[157]">&gt;&gt;</a>&nbsp;&nbsp;&nbsp;rc32k_cap_cal (via Veneer)
<LI><a href="#[6d]">&gt;&gt;</a>&nbsp;&nbsp;&nbsp;config_RTC1 (via Veneer)
</UL>

<P><STRONG><a name="[1ba]"></a>__ARM_common_switch8</STRONG> (Thumb, 0 bytes, Stack size 0 bytes, bb_rom_sym_m0.txt(ABSOLUTE))
<BR><BR>[Called By]<UL><LI><a href="#[2aa]">&gt;&gt;</a>&nbsp;&nbsp;&nbsp;GAPMultiRole_SetParameter (via Veneer)
<LI><a href="#[29e]">&gt;&gt;</a>&nbsp;&nbsp;&nbsp;GAPMultiRole_GetParameter (via Veneer)
<LI><a href="#[339]">&gt;&gt;</a>&nbsp;&nbsp;&nbsp;multiList_inside (via Veneer)
<LI><a href="#[33a]">&gt;&gt;</a>&nbsp;&nbsp;&nbsp;multiListInsertTail (via Veneer)
<LI><a href="#[340]">&gt;&gt;</a>&nbsp;&nbsp;&nbsp;multiListFindTail (via Veneer)
<LI><a href="#[3e2]">&gt;&gt;</a>&nbsp;&nbsp;&nbsp;multiListDelNode (via Veneer)
<LI><a href="#[3e1]">&gt;&gt;</a>&nbsp;&nbsp;&nbsp;multiListCreate (via Veneer)
<LI><a href="#[2a3]">&gt;&gt;</a>&nbsp;&nbsp;&nbsp;MultiRole_processGAPMsg (via Veneer)
<LI><a href="#[be]">&gt;&gt;</a>&nbsp;&nbsp;&nbsp;ggs_ReadAttrCB (via Veneer)
<LI><a href="#[316]">&gt;&gt;</a>&nbsp;&nbsp;&nbsp;GGS_SetParameter (via Veneer)
<LI><a href="#[28a]">&gt;&gt;</a>&nbsp;&nbsp;&nbsp;GAPBondMgr_SetParameter (via Veneer)
<LI><a href="#[2bf]">&gt;&gt;</a>&nbsp;&nbsp;&nbsp;GAP_DeviceInit (via Veneer)
<LI><a href="#[282]">&gt;&gt;</a>&nbsp;&nbsp;&nbsp;GAPBondMgr_ProcessGAPMsg (via Veneer)
<LI><a href="#[26e]">&gt;&gt;</a>&nbsp;&nbsp;&nbsp;GAPBondMgr_GetParameter (via Veneer)
<LI><a href="#[c3]">&gt;&gt;</a>&nbsp;&nbsp;&nbsp;ppsp_serv_get_attr (via Veneer)
<LI><a href="#[63]">&gt;&gt;</a>&nbsp;&nbsp;&nbsp;llProcessSlaveControlProcedures1 (via Veneer)
<LI><a href="#[52]">&gt;&gt;</a>&nbsp;&nbsp;&nbsp;llProcessMasterControlProcedures1 (via Veneer)
<LI><a href="#[5f]">&gt;&gt;</a>&nbsp;&nbsp;&nbsp;LL_SetAdvControl1 (via Veneer)
<LI><a href="#[420]">&gt;&gt;</a>&nbsp;&nbsp;&nbsp;smProcessDataMsg (via Veneer)
<LI><a href="#[c]">&gt;&gt;</a>&nbsp;&nbsp;&nbsp;smpResponderProcessIncoming (via Veneer)
<LI><a href="#[d]">&gt;&gt;</a>&nbsp;&nbsp;&nbsp;smResponderSendNextKeyInfo (via Veneer)
<LI><a href="#[9]">&gt;&gt;</a>&nbsp;&nbsp;&nbsp;smpInitiatorProcessIncoming (via Veneer)
<LI><a href="#[a]">&gt;&gt;</a>&nbsp;&nbsp;&nbsp;smInitiatorSendNextKeyInfo (via Veneer)
<LI><a href="#[6]">&gt;&gt;</a>&nbsp;&nbsp;&nbsp;gapPeriProcessHCICmdCompleteEvt (via Veneer)
<LI><a href="#[200]">&gt;&gt;</a>&nbsp;&nbsp;&nbsp;rf_tp_cal (via Veneer)
<LI><a href="#[5c]">&gt;&gt;</a>&nbsp;&nbsp;&nbsp;ll_processBasicIRQ_secondaryScanSRX0_activescan (via Veneer)
<LI><a href="#[53]">&gt;&gt;</a>&nbsp;&nbsp;&nbsp;ll_processBasicIRQ_SRX0 (via Veneer)
</UL>

<P><STRONG><a name="[202]"></a>app_wakeup_process</STRONG> (Thumb, 0 bytes, Stack size 0 bytes, bb_rom_sym_m0.txt(ABSOLUTE))
<BR><BR>[Called By]<UL><LI><a href="#[6f]">&gt;&gt;</a>&nbsp;&nbsp;&nbsp;wakeupProcess1 (via Veneer)
</UL>

<P><STRONG><a name="[15d]"></a>bit_to_byte</STRONG> (Thumb, 0 bytes, Stack size 0 bytes, bb_rom_sym_m0.txt(ABSOLUTE))
<BR><BR>[Called By]<UL><LI><a href="#[15c]">&gt;&gt;</a>&nbsp;&nbsp;&nbsp;gen_pn_prbs9 (via Veneer)
</UL>

<P><STRONG><a name="[21d]"></a>clear_timer</STRONG> (Thumb, 0 bytes, Stack size 0 bytes, bb_rom_sym_m0.txt(ABSOLUTE))
<BR><BR>[Called By]<UL><LI><a href="#[4f]">&gt;&gt;</a>&nbsp;&nbsp;&nbsp;LL_SetScanControl1 (via Veneer)
<LI><a href="#[5f]">&gt;&gt;</a>&nbsp;&nbsp;&nbsp;LL_SetAdvControl1 (via Veneer)
</UL>

<P><STRONG><a name="[448]"></a>clk_get_pclk</STRONG> (Thumb, 0 bytes, Stack size 0 bytes, bb_rom_sym_m0.txt(ABSOLUTE))
<BR><BR>[Called By]<UL><LI><a href="#[3c3]">&gt;&gt;</a>&nbsp;&nbsp;&nbsp;uart_hw_init (via Veneer)
</UL>

<P><STRONG><a name="[f6]"></a>config_RTC</STRONG> (Thumb, 0 bytes, Stack size 0 bytes, bb_rom_sym_m0.txt(ABSOLUTE))
<BR><BR>[Called By]<UL><LI><a href="#[f4]">&gt;&gt;</a>&nbsp;&nbsp;&nbsp;hal_pwrmgr_enter_sleep_rtc_reset (via Veneer)
</UL>

<P><STRONG><a name="[16c]"></a>disableSleep</STRONG> (Thumb, 0 bytes, Stack size 0 bytes, bb_rom_sym_m0.txt(ABSOLUTE))
<BR><BR>[Called By]<UL><LI><a href="#[f3]">&gt;&gt;</a>&nbsp;&nbsp;&nbsp;hal_pwrmgr_unlock (via Veneer)
<LI><a href="#[16e]">&gt;&gt;</a>&nbsp;&nbsp;&nbsp;hal_pwrmgr_lock (via Veneer)
<LI><a href="#[16a]">&gt;&gt;</a>&nbsp;&nbsp;&nbsp;hal_pwrmgr_init (via Veneer)
</UL>

<P><STRONG><a name="[f5]"></a>drv_disable_irq</STRONG> (Thumb, 0 bytes, Stack size 0 bytes, bb_rom_sym_m0.txt(ABSOLUTE))
<BR><BR>[Called By]<UL><LI><a href="#[f3]">&gt;&gt;</a>&nbsp;&nbsp;&nbsp;hal_pwrmgr_unlock (via Veneer)
<LI><a href="#[16e]">&gt;&gt;</a>&nbsp;&nbsp;&nbsp;hal_pwrmgr_lock (via Veneer)
<LI><a href="#[3c4]">&gt;&gt;</a>&nbsp;&nbsp;&nbsp;txmit_buf_use_tx_buf (via Veneer)
<LI><a href="#[162]">&gt;&gt;</a>&nbsp;&nbsp;&nbsp;hal_flash_write_by_dma (via Veneer)
<LI><a href="#[161]">&gt;&gt;</a>&nbsp;&nbsp;&nbsp;hal_flash_read (via Veneer)
<LI><a href="#[15f]">&gt;&gt;</a>&nbsp;&nbsp;&nbsp;hal_flash_erase_sector (via Veneer)
<LI><a href="#[15e]">&gt;&gt;</a>&nbsp;&nbsp;&nbsp;hal_cache_tag_flush (via Veneer)
<LI><a href="#[fc]">&gt;&gt;</a>&nbsp;&nbsp;&nbsp;spif_unlock (via Veneer)
<LI><a href="#[f9]">&gt;&gt;</a>&nbsp;&nbsp;&nbsp;spif_lock (via Veneer)
<LI><a href="#[f4]">&gt;&gt;</a>&nbsp;&nbsp;&nbsp;hal_pwrmgr_enter_sleep_rtc_reset (via Veneer)
<LI><a href="#[7c]">&gt;&gt;</a>&nbsp;&nbsp;&nbsp;LL_TxData1 (via Veneer)
<LI><a href="#[4f]">&gt;&gt;</a>&nbsp;&nbsp;&nbsp;LL_SetScanControl1 (via Veneer)
<LI><a href="#[5e]">&gt;&gt;</a>&nbsp;&nbsp;&nbsp;LL_SetAdvParam1 (via Veneer)
<LI><a href="#[5f]">&gt;&gt;</a>&nbsp;&nbsp;&nbsp;LL_SetAdvControl1 (via Veneer)
<LI><a href="#[75]">&gt;&gt;</a>&nbsp;&nbsp;&nbsp;LL_Disconnect1 (via Veneer)
<LI><a href="#[389]">&gt;&gt;</a>&nbsp;&nbsp;&nbsp;gapSendDeviceInfoEvent (via Veneer)
<LI><a href="#[1e7]">&gt;&gt;</a>&nbsp;&nbsp;&nbsp;osal_memory_statics (via Veneer)
<LI><a href="#[34]">&gt;&gt;</a>&nbsp;&nbsp;&nbsp;ll_scheduler_multiconn (via Veneer)
<LI><a href="#[5c]">&gt;&gt;</a>&nbsp;&nbsp;&nbsp;ll_processBasicIRQ_secondaryScanSRX0_activescan (via Veneer)
<LI><a href="#[35]">&gt;&gt;</a>&nbsp;&nbsp;&nbsp;ll_processBasicIRQ_secondaryInitSRX0 (via Veneer)
<LI><a href="#[38]">&gt;&gt;</a>&nbsp;&nbsp;&nbsp;ll_processBasicIRQ_secondaryAdvTRX0 (via Veneer)
<LI><a href="#[5d]">&gt;&gt;</a>&nbsp;&nbsp;&nbsp;ll_processBasicIRQ_secScanTRX0 (via Veneer)
<LI><a href="#[54]">&gt;&gt;</a>&nbsp;&nbsp;&nbsp;ll_processBasicIRQ_ScanTRX0 (via Veneer)
<LI><a href="#[53]">&gt;&gt;</a>&nbsp;&nbsp;&nbsp;ll_processBasicIRQ_SRX0 (via Veneer)
<LI><a href="#[1ab]">&gt;&gt;</a>&nbsp;&nbsp;&nbsp;ll_osal_memory_statics (via Veneer)
<LI><a href="#[18a]">&gt;&gt;</a>&nbsp;&nbsp;&nbsp;ll_osal_mem_free (via Veneer)
<LI><a href="#[197]">&gt;&gt;</a>&nbsp;&nbsp;&nbsp;ll_osal_mem_alloc (via Veneer)
<LI><a href="#[33]">&gt;&gt;</a>&nbsp;&nbsp;&nbsp;llSetupSecScan1 (via Veneer)
<LI><a href="#[36]">&gt;&gt;</a>&nbsp;&nbsp;&nbsp;llSecAdvAllow1 (via Veneer)
<LI><a href="#[31]">&gt;&gt;</a>&nbsp;&nbsp;&nbsp;llCalcMaxScanTime1 (via Veneer)
<LI><a href="#[65]">&gt;&gt;</a>&nbsp;&nbsp;&nbsp;LL_slave_conn_event3 (via Veneer)
<LI><a href="#[5b]">&gt;&gt;</a>&nbsp;&nbsp;&nbsp;LL_CreateConnCancel1 (via Veneer)
</UL>

<P><STRONG><a name="[fb]"></a>drv_enable_irq</STRONG> (Thumb, 0 bytes, Stack size 0 bytes, bb_rom_sym_m0.txt(ABSOLUTE))
<BR><BR>[Called By]<UL><LI><a href="#[f3]">&gt;&gt;</a>&nbsp;&nbsp;&nbsp;hal_pwrmgr_unlock (via Veneer)
<LI><a href="#[16e]">&gt;&gt;</a>&nbsp;&nbsp;&nbsp;hal_pwrmgr_lock (via Veneer)
<LI><a href="#[3c4]">&gt;&gt;</a>&nbsp;&nbsp;&nbsp;txmit_buf_use_tx_buf (via Veneer)
<LI><a href="#[162]">&gt;&gt;</a>&nbsp;&nbsp;&nbsp;hal_flash_write_by_dma (via Veneer)
<LI><a href="#[161]">&gt;&gt;</a>&nbsp;&nbsp;&nbsp;hal_flash_read (via Veneer)
<LI><a href="#[15f]">&gt;&gt;</a>&nbsp;&nbsp;&nbsp;hal_flash_erase_sector (via Veneer)
<LI><a href="#[15e]">&gt;&gt;</a>&nbsp;&nbsp;&nbsp;hal_cache_tag_flush (via Veneer)
<LI><a href="#[fc]">&gt;&gt;</a>&nbsp;&nbsp;&nbsp;spif_unlock (via Veneer)
<LI><a href="#[f9]">&gt;&gt;</a>&nbsp;&nbsp;&nbsp;spif_lock (via Veneer)
<LI><a href="#[7c]">&gt;&gt;</a>&nbsp;&nbsp;&nbsp;LL_TxData1 (via Veneer)
<LI><a href="#[4f]">&gt;&gt;</a>&nbsp;&nbsp;&nbsp;LL_SetScanControl1 (via Veneer)
<LI><a href="#[5e]">&gt;&gt;</a>&nbsp;&nbsp;&nbsp;LL_SetAdvParam1 (via Veneer)
<LI><a href="#[5f]">&gt;&gt;</a>&nbsp;&nbsp;&nbsp;LL_SetAdvControl1 (via Veneer)
<LI><a href="#[75]">&gt;&gt;</a>&nbsp;&nbsp;&nbsp;LL_Disconnect1 (via Veneer)
<LI><a href="#[389]">&gt;&gt;</a>&nbsp;&nbsp;&nbsp;gapSendDeviceInfoEvent (via Veneer)
<LI><a href="#[1e7]">&gt;&gt;</a>&nbsp;&nbsp;&nbsp;osal_memory_statics (via Veneer)
<LI><a href="#[34]">&gt;&gt;</a>&nbsp;&nbsp;&nbsp;ll_scheduler_multiconn (via Veneer)
<LI><a href="#[5c]">&gt;&gt;</a>&nbsp;&nbsp;&nbsp;ll_processBasicIRQ_secondaryScanSRX0_activescan (via Veneer)
<LI><a href="#[35]">&gt;&gt;</a>&nbsp;&nbsp;&nbsp;ll_processBasicIRQ_secondaryInitSRX0 (via Veneer)
<LI><a href="#[38]">&gt;&gt;</a>&nbsp;&nbsp;&nbsp;ll_processBasicIRQ_secondaryAdvTRX0 (via Veneer)
<LI><a href="#[5d]">&gt;&gt;</a>&nbsp;&nbsp;&nbsp;ll_processBasicIRQ_secScanTRX0 (via Veneer)
<LI><a href="#[54]">&gt;&gt;</a>&nbsp;&nbsp;&nbsp;ll_processBasicIRQ_ScanTRX0 (via Veneer)
<LI><a href="#[53]">&gt;&gt;</a>&nbsp;&nbsp;&nbsp;ll_processBasicIRQ_SRX0 (via Veneer)
<LI><a href="#[1ab]">&gt;&gt;</a>&nbsp;&nbsp;&nbsp;ll_osal_memory_statics (via Veneer)
<LI><a href="#[18a]">&gt;&gt;</a>&nbsp;&nbsp;&nbsp;ll_osal_mem_free (via Veneer)
<LI><a href="#[197]">&gt;&gt;</a>&nbsp;&nbsp;&nbsp;ll_osal_mem_alloc (via Veneer)
<LI><a href="#[33]">&gt;&gt;</a>&nbsp;&nbsp;&nbsp;llSetupSecScan1 (via Veneer)
<LI><a href="#[36]">&gt;&gt;</a>&nbsp;&nbsp;&nbsp;llSecAdvAllow1 (via Veneer)
<LI><a href="#[31]">&gt;&gt;</a>&nbsp;&nbsp;&nbsp;llCalcMaxScanTime1 (via Veneer)
<LI><a href="#[65]">&gt;&gt;</a>&nbsp;&nbsp;&nbsp;LL_slave_conn_event3 (via Veneer)
<LI><a href="#[5b]">&gt;&gt;</a>&nbsp;&nbsp;&nbsp;LL_CreateConnCancel1 (via Veneer)
</UL>

<P><STRONG><a name="[1ce]"></a>drv_irq_init</STRONG> (Thumb, 0 bytes, Stack size 0 bytes, bb_rom_sym_m0.txt(ABSOLUTE))
<BR><BR>[Called By]<UL><LI><a href="#[2c]">&gt;&gt;</a>&nbsp;&nbsp;&nbsp;main (via Veneer)
<LI><a href="#[6f]">&gt;&gt;</a>&nbsp;&nbsp;&nbsp;wakeupProcess1 (via Veneer)
</UL>

<P><STRONG><a name="[13b]"></a>efuse_read</STRONG> (Thumb, 0 bytes, Stack size 0 bytes, bb_rom_sym_m0.txt(ABSOLUTE))
<BR><BR>[Called By]<UL><LI><a href="#[13a]">&gt;&gt;</a>&nbsp;&nbsp;&nbsp;_efuse_chip_version_check (via Veneer)
<LI><a href="#[13c]">&gt;&gt;</a>&nbsp;&nbsp;&nbsp;finidv (via Veneer)
<LI><a href="#[140]">&gt;&gt;</a>&nbsp;&nbsp;&nbsp;_rom_efuse_version_init (via Veneer)
</UL>

<P><STRONG><a name="[16d]"></a>enableSleep</STRONG> (Thumb, 0 bytes, Stack size 0 bytes, bb_rom_sym_m0.txt(ABSOLUTE))
<BR><BR>[Called By]<UL><LI><a href="#[f3]">&gt;&gt;</a>&nbsp;&nbsp;&nbsp;hal_pwrmgr_unlock (via Veneer)
<LI><a href="#[1cf]">&gt;&gt;</a>&nbsp;&nbsp;&nbsp;init_config (via Veneer)
<LI><a href="#[16a]">&gt;&gt;</a>&nbsp;&nbsp;&nbsp;hal_pwrmgr_init (via Veneer)
</UL>

<P><STRONG><a name="[159]"></a>enterSleepProcess0</STRONG> (Thumb, 0 bytes, Stack size 0 bytes, bb_rom_sym_m0.txt(ABSOLUTE))
<BR><BR>[Called By]<UL><LI><a href="#[6c]">&gt;&gt;</a>&nbsp;&nbsp;&nbsp;enterSleepProcess1 (via Veneer)
</UL>

<P><STRONG><a name="[f8]"></a>enter_sleep_off_mode</STRONG> (Thumb, 0 bytes, Stack size 0 bytes, bb_rom_sym_m0.txt(ABSOLUTE))
<BR><BR>[Called By]<UL><LI><a href="#[f4]">&gt;&gt;</a>&nbsp;&nbsp;&nbsp;hal_pwrmgr_enter_sleep_rtc_reset (via Veneer)
</UL>

<P><STRONG><a name="[1a5]"></a>getRxBufferFree</STRONG> (Thumb, 0 bytes, Stack size 0 bytes, bb_rom_sym_m0.txt(ABSOLUTE))
<BR><BR>[Called By]<UL><LI><a href="#[66]">&gt;&gt;</a>&nbsp;&nbsp;&nbsp;ll_hw_go1 (via Veneer)
</UL>

<P><STRONG><a name="[181]"></a>getRxBufferSize</STRONG> (Thumb, 0 bytes, Stack size 0 bytes, bb_rom_sym_m0.txt(ABSOLUTE))
<BR><BR>[Called By]<UL><LI><a href="#[4d]">&gt;&gt;</a>&nbsp;&nbsp;&nbsp;llMasterEvt_TaskEndOk1 (via Veneer)
</UL>

<P><STRONG><a name="[195]"></a>getTxBufferFree</STRONG> (Thumb, 0 bytes, Stack size 0 bytes, bb_rom_sym_m0.txt(ABSOLUTE))
<BR><BR>[Called By]<UL><LI><a href="#[79]">&gt;&gt;</a>&nbsp;&nbsp;&nbsp;llWriteTxData1 (via Veneer)
</UL>

<P><STRONG><a name="[1a1]"></a>getTxBufferSize</STRONG> (Thumb, 0 bytes, Stack size 0 bytes, bb_rom_sym_m0.txt(ABSOLUTE))
<BR><BR>[Called By]<UL><LI><a href="#[73]">&gt;&gt;</a>&nbsp;&nbsp;&nbsp;ll_generateTxBuffer1 (via Veneer)
</UL>

<P><STRONG><a name="[1a4]"></a>get_rx_write_ptr</STRONG> (Thumb, 0 bytes, Stack size 0 bytes, bb_rom_sym_m0.txt(ABSOLUTE))
<BR><BR>[Called By]<UL><LI><a href="#[66]">&gt;&gt;</a>&nbsp;&nbsp;&nbsp;ll_hw_go1 (via Veneer)
</UL>

<P><STRONG><a name="[1a2]"></a>get_tx_read_ptr</STRONG> (Thumb, 0 bytes, Stack size 0 bytes, bb_rom_sym_m0.txt(ABSOLUTE))
<BR><BR>[Called By]<UL><LI><a href="#[73]">&gt;&gt;</a>&nbsp;&nbsp;&nbsp;ll_generateTxBuffer1 (via Veneer)
</UL>

<P><STRONG><a name="[196]"></a>get_tx_write_ptr</STRONG> (Thumb, 0 bytes, Stack size 0 bytes, bb_rom_sym_m0.txt(ABSOLUTE))
<BR><BR>[Called By]<UL><LI><a href="#[79]">&gt;&gt;</a>&nbsp;&nbsp;&nbsp;llWriteTxData1 (via Veneer)
</UL>

<P><STRONG><a name="[1f5]"></a>gpio_write</STRONG> (Thumb, 0 bytes, Stack size 0 bytes, bb_rom_sym_m0.txt(ABSOLUTE))
<BR><BR>[Called By]<UL><LI><a href="#[1ee]">&gt;&gt;</a>&nbsp;&nbsp;&nbsp;rf_phy_dtm_cmd_parse (via Veneer)
</UL>

<P><STRONG><a name="[13d]"></a>rom_uart_init</STRONG> (Thumb, 0 bytes, Stack size 0 bytes, bb_rom_sym_m0.txt(ABSOLUTE))
<BR><BR>[Called By]<UL><LI><a href="#[2d]">&gt;&gt;</a>&nbsp;&nbsp;&nbsp;_hard_fault (via Veneer)
</UL>

<P><STRONG><a name="[19a]"></a>isTimer1Running</STRONG> (Thumb, 0 bytes, Stack size 0 bytes, bb_rom_sym_m0.txt(ABSOLUTE))
<BR><BR>[Called By]<UL><LI><a href="#[56]">&gt;&gt;</a>&nbsp;&nbsp;&nbsp;ll_scheduler_singleconn (via Veneer)
<LI><a href="#[34]">&gt;&gt;</a>&nbsp;&nbsp;&nbsp;ll_scheduler_multiconn (via Veneer)
<LI><a href="#[32]">&gt;&gt;</a>&nbsp;&nbsp;&nbsp;ll_addTask1 (via Veneer)
</UL>

<P><STRONG><a name="[212]"></a>llAllocConnId</STRONG> (Thumb, 0 bytes, Stack size 0 bytes, bb_rom_sym_m0.txt(ABSOLUTE))
<BR><BR>[Called By]<UL><LI><a href="#[58]">&gt;&gt;</a>&nbsp;&nbsp;&nbsp;LL_CreateConn1 (via Veneer)
</UL>

<P><STRONG><a name="[190]"></a>llCalcMaxScanTime</STRONG> (Thumb, 0 bytes, Stack size 0 bytes, bb_rom_sym_m0.txt(ABSOLUTE))
<BR><BR>[Called By]<UL><LI><a href="#[33]">&gt;&gt;</a>&nbsp;&nbsp;&nbsp;llSetupSecScan1 (via Veneer)
</UL>

<P><STRONG><a name="[228]"></a>llConnCleanup</STRONG> (Thumb, 0 bytes, Stack size 0 bytes, bb_rom_sym_m0.txt(ABSOLUTE))
<BR><BR>[Called By]<UL><LI><a href="#[5a]">&gt;&gt;</a>&nbsp;&nbsp;&nbsp;llConnTerminate1 (via Veneer)
</UL>

<P><STRONG><a name="[180]"></a>llConnTerminate</STRONG> (Thumb, 0 bytes, Stack size 0 bytes, bb_rom_sym_m0.txt(ABSOLUTE))
<BR><BR>[Called By]<UL><LI><a href="#[63]">&gt;&gt;</a>&nbsp;&nbsp;&nbsp;llProcessSlaveControlProcedures1 (via Veneer)
<LI><a href="#[52]">&gt;&gt;</a>&nbsp;&nbsp;&nbsp;llProcessMasterControlProcedures1 (via Veneer)
<LI><a href="#[4d]">&gt;&gt;</a>&nbsp;&nbsp;&nbsp;llMasterEvt_TaskEndOk1 (via Veneer)
</UL>

<P><STRONG><a name="[22a]"></a>llDequeueCtrlPkt</STRONG> (Thumb, 0 bytes, Stack size 0 bytes, bb_rom_sym_m0.txt(ABSOLUTE))
<BR><BR>[Called By]<UL><LI><a href="#[63]">&gt;&gt;</a>&nbsp;&nbsp;&nbsp;llProcessSlaveControlProcedures1 (via Veneer)
<LI><a href="#[52]">&gt;&gt;</a>&nbsp;&nbsp;&nbsp;llProcessMasterControlProcedures1 (via Veneer)
</UL>

<P><STRONG><a name="[188]"></a>llEnqueueCtrlPkt</STRONG> (Thumb, 0 bytes, Stack size 0 bytes, bb_rom_sym_m0.txt(ABSOLUTE))
<BR><BR>[Called By]<UL><LI><a href="#[50]">&gt;&gt;</a>&nbsp;&nbsp;&nbsp;LL_StartEncrypt1 (via Veneer)
<LI><a href="#[20e]">&gt;&gt;</a>&nbsp;&nbsp;&nbsp;LL_EncLtkReply (via Veneer)
<LI><a href="#[20b]">&gt;&gt;</a>&nbsp;&nbsp;&nbsp;LL_EncLtkNegReply (via Veneer)
<LI><a href="#[208]">&gt;&gt;</a>&nbsp;&nbsp;&nbsp;LL_ConnUpdate1 (via Veneer)
<LI><a href="#[73]">&gt;&gt;</a>&nbsp;&nbsp;&nbsp;ll_generateTxBuffer1 (via Veneer)
<LI><a href="#[62]">&gt;&gt;</a>&nbsp;&nbsp;&nbsp;llProcessSlaveControlPacket1 (via Veneer)
</UL>

<P><STRONG><a name="[224]"></a>llEnqueueDataQ</STRONG> (Thumb, 0 bytes, Stack size 0 bytes, bb_rom_sym_m0.txt(ABSOLUTE))
<BR><BR>[Called By]<UL><LI><a href="#[7c]">&gt;&gt;</a>&nbsp;&nbsp;&nbsp;LL_TxData1 (via Veneer)
</UL>

<P><STRONG><a name="[216]"></a>llGenerateCRC</STRONG> (Thumb, 0 bytes, Stack size 0 bytes, bb_rom_sym_m0.txt(ABSOLUTE))
<BR><BR>[Called By]<UL><LI><a href="#[58]">&gt;&gt;</a>&nbsp;&nbsp;&nbsp;LL_CreateConn1 (via Veneer)
</UL>

<P><STRONG><a name="[217]"></a>llGenerateValidAccessAddr</STRONG> (Thumb, 0 bytes, Stack size 0 bytes, bb_rom_sym_m0.txt(ABSOLUTE))
<BR><BR>[Called By]<UL><LI><a href="#[58]">&gt;&gt;</a>&nbsp;&nbsp;&nbsp;LL_CreateConn1 (via Veneer)
</UL>

<P><STRONG><a name="[3e7]"></a>llInitFeatureSetDLE</STRONG> (Thumb, 0 bytes, Stack size 0 bytes, bb_rom_sym_m0.txt(ABSOLUTE))
<BR><BR>[Called By]<UL><LI><a href="#[1e5]">&gt;&gt;</a>&nbsp;&nbsp;&nbsp;multiRoleApp_Init (via Veneer)
</UL>

<P><STRONG><a name="[23a]"></a>llPduLengthUpdate</STRONG> (Thumb, 0 bytes, Stack size 0 bytes, bb_rom_sym_m0.txt(ABSOLUTE))
<BR><BR>[Called By]<UL><LI><a href="#[63]">&gt;&gt;</a>&nbsp;&nbsp;&nbsp;llProcessSlaveControlProcedures1 (via Veneer)
<LI><a href="#[52]">&gt;&gt;</a>&nbsp;&nbsp;&nbsp;llProcessMasterControlProcedures1 (via Veneer)
</UL>

<P><STRONG><a name="[17f]"></a>llPhyModeCtrlUpdateNotify</STRONG> (Thumb, 0 bytes, Stack size 0 bytes, bb_rom_sym_m0.txt(ABSOLUTE))
<BR><BR>[Called By]<UL><LI><a href="#[52]">&gt;&gt;</a>&nbsp;&nbsp;&nbsp;llProcessMasterControlProcedures1 (via Veneer)
<LI><a href="#[4d]">&gt;&gt;</a>&nbsp;&nbsp;&nbsp;llMasterEvt_TaskEndOk1 (via Veneer)
</UL>

<P><STRONG><a name="[215]"></a>llProcessChanMap</STRONG> (Thumb, 0 bytes, Stack size 0 bytes, bb_rom_sym_m0.txt(ABSOLUTE))
<BR><BR>[Called By]<UL><LI><a href="#[5a]">&gt;&gt;</a>&nbsp;&nbsp;&nbsp;llConnTerminate1 (via Veneer)
<LI><a href="#[58]">&gt;&gt;</a>&nbsp;&nbsp;&nbsp;LL_CreateConn1 (via Veneer)
</UL>

<P><STRONG><a name="[187]"></a>llProcessMasterControlPacket0</STRONG> (Thumb, 0 bytes, Stack size 0 bytes, bb_rom_sym_m0.txt(ABSOLUTE))
<BR><BR>[Called By]<UL><LI><a href="#[59]">&gt;&gt;</a>&nbsp;&nbsp;&nbsp;llProcessMasterControlPacket1 (via Veneer)
</UL>

<P><STRONG><a name="[183]"></a>llProcessMasterControlProcedures</STRONG> (Thumb, 0 bytes, Stack size 0 bytes, bb_rom_sym_m0.txt(ABSOLUTE))
<BR><BR>[Called By]<UL><LI><a href="#[4d]">&gt;&gt;</a>&nbsp;&nbsp;&nbsp;llMasterEvt_TaskEndOk1 (via Veneer)
</UL>

<P><STRONG><a name="[182]"></a>llProcessRxData</STRONG> (Thumb, 0 bytes, Stack size 0 bytes, bb_rom_sym_m0.txt(ABSOLUTE))
<BR><BR>[Called By]<UL><LI><a href="#[4d]">&gt;&gt;</a>&nbsp;&nbsp;&nbsp;llMasterEvt_TaskEndOk1 (via Veneer)
</UL>

<P><STRONG><a name="[189]"></a>llProcessSlaveControlPacket0</STRONG> (Thumb, 0 bytes, Stack size 0 bytes, bb_rom_sym_m0.txt(ABSOLUTE))
<BR><BR>[Called By]<UL><LI><a href="#[62]">&gt;&gt;</a>&nbsp;&nbsp;&nbsp;llProcessSlaveControlPacket1 (via Veneer)
</UL>

<P><STRONG><a name="[184]"></a>llProcessTxData</STRONG> (Thumb, 0 bytes, Stack size 0 bytes, bb_rom_sym_m0.txt(ABSOLUTE))
<BR><BR>[Called By]<UL><LI><a href="#[7c]">&gt;&gt;</a>&nbsp;&nbsp;&nbsp;LL_TxData1 (via Veneer)
<LI><a href="#[4d]">&gt;&gt;</a>&nbsp;&nbsp;&nbsp;llMasterEvt_TaskEndOk1 (via Veneer)
</UL>

<P><STRONG><a name="[18b]"></a>llProcessTxData0</STRONG> (Thumb, 0 bytes, Stack size 0 bytes, bb_rom_sym_m0.txt(ABSOLUTE))
<BR><BR>[Called By]<UL><LI><a href="#[72]">&gt;&gt;</a>&nbsp;&nbsp;&nbsp;llProcessTxData1 (via Veneer)
</UL>

<P><STRONG><a name="[1bf]"></a>llReleaseConnId</STRONG> (Thumb, 0 bytes, Stack size 0 bytes, bb_rom_sym_m0.txt(ABSOLUTE))
<BR><BR>[Called By]<UL><LI><a href="#[58]">&gt;&gt;</a>&nbsp;&nbsp;&nbsp;LL_CreateConn1 (via Veneer)
<LI><a href="#[35]">&gt;&gt;</a>&nbsp;&nbsp;&nbsp;ll_processBasicIRQ_secondaryInitSRX0 (via Veneer)
<LI><a href="#[53]">&gt;&gt;</a>&nbsp;&nbsp;&nbsp;ll_processBasicIRQ_SRX0 (via Veneer)
</UL>

<P><STRONG><a name="[18d]"></a>llReleaseConnId0</STRONG> (Thumb, 0 bytes, Stack size 0 bytes, bb_rom_sym_m0.txt(ABSOLUTE))
<BR><BR>[Called By]<UL><LI><a href="#[7b]">&gt;&gt;</a>&nbsp;&nbsp;&nbsp;llReleaseConnId1 (via Veneer)
</UL>

<P><STRONG><a name="[231]"></a>llReplaceCtrlPkt</STRONG> (Thumb, 0 bytes, Stack size 0 bytes, bb_rom_sym_m0.txt(ABSOLUTE))
<BR><BR>[Called By]<UL><LI><a href="#[63]">&gt;&gt;</a>&nbsp;&nbsp;&nbsp;llProcessSlaveControlProcedures1 (via Veneer)
<LI><a href="#[52]">&gt;&gt;</a>&nbsp;&nbsp;&nbsp;llProcessMasterControlProcedures1 (via Veneer)
</UL>

<P><STRONG><a name="[123]"></a>llResetRfCounters</STRONG> (Thumb, 0 bytes, Stack size 0 bytes, bb_rom_sym_m0.txt(ABSOLUTE))
<BR><BR>[Called By]<UL><LI><a href="#[65]">&gt;&gt;</a>&nbsp;&nbsp;&nbsp;LL_slave_conn_event3 (via Veneer)
</UL>

<P><STRONG><a name="[119]"></a>llSecAdvAllow</STRONG> (Thumb, 0 bytes, Stack size 0 bytes, bb_rom_sym_m0.txt(ABSOLUTE))
<BR><BR>[Called By]<UL><LI><a href="#[67]">&gt;&gt;</a>&nbsp;&nbsp;&nbsp;LL_IRQHandler1 (via Veneer)
</UL>

<P><STRONG><a name="[21b]"></a>llSetupAdv</STRONG> (Thumb, 0 bytes, Stack size 0 bytes, bb_rom_sym_m0.txt(ABSOLUTE))
<BR><BR>[Called By]<UL><LI><a href="#[37]">&gt;&gt;</a>&nbsp;&nbsp;&nbsp;llSetupSecAdvEvt1 (via Veneer)
<LI><a href="#[5f]">&gt;&gt;</a>&nbsp;&nbsp;&nbsp;LL_SetAdvControl1 (via Veneer)
</UL>

<P><STRONG><a name="[23e]"></a>llSetupCTEReq</STRONG> (Thumb, 0 bytes, Stack size 0 bytes, bb_rom_sym_m0.txt(ABSOLUTE))
<BR><BR>[Called By]<UL><LI><a href="#[63]">&gt;&gt;</a>&nbsp;&nbsp;&nbsp;llProcessSlaveControlProcedures1 (via Veneer)
<LI><a href="#[52]">&gt;&gt;</a>&nbsp;&nbsp;&nbsp;llProcessMasterControlProcedures1 (via Veneer)
</UL>

<P><STRONG><a name="[23f]"></a>llSetupCTERsp</STRONG> (Thumb, 0 bytes, Stack size 0 bytes, bb_rom_sym_m0.txt(ABSOLUTE))
<BR><BR>[Called By]<UL><LI><a href="#[63]">&gt;&gt;</a>&nbsp;&nbsp;&nbsp;llProcessSlaveControlProcedures1 (via Veneer)
<LI><a href="#[52]">&gt;&gt;</a>&nbsp;&nbsp;&nbsp;llProcessMasterControlProcedures1 (via Veneer)
</UL>

<P><STRONG><a name="[238]"></a>llSetupDataLenghtReq</STRONG> (Thumb, 0 bytes, Stack size 0 bytes, bb_rom_sym_m0.txt(ABSOLUTE))
<BR><BR>[Called By]<UL><LI><a href="#[63]">&gt;&gt;</a>&nbsp;&nbsp;&nbsp;llProcessSlaveControlProcedures1 (via Veneer)
<LI><a href="#[52]">&gt;&gt;</a>&nbsp;&nbsp;&nbsp;llProcessMasterControlProcedures1 (via Veneer)
</UL>

<P><STRONG><a name="[239]"></a>llSetupDataLenghtRsp</STRONG> (Thumb, 0 bytes, Stack size 0 bytes, bb_rom_sym_m0.txt(ABSOLUTE))
<BR><BR>[Called By]<UL><LI><a href="#[63]">&gt;&gt;</a>&nbsp;&nbsp;&nbsp;llProcessSlaveControlProcedures1 (via Veneer)
<LI><a href="#[52]">&gt;&gt;</a>&nbsp;&nbsp;&nbsp;llProcessMasterControlProcedures1 (via Veneer)
</UL>

<P><STRONG><a name="[22d]"></a>llSetupEncReq</STRONG> (Thumb, 0 bytes, Stack size 0 bytes, bb_rom_sym_m0.txt(ABSOLUTE))
<BR><BR>[Called By]<UL><LI><a href="#[52]">&gt;&gt;</a>&nbsp;&nbsp;&nbsp;llProcessMasterControlProcedures1 (via Veneer)
</UL>

<P><STRONG><a name="[241]"></a>llSetupEncRsp</STRONG> (Thumb, 0 bytes, Stack size 0 bytes, bb_rom_sym_m0.txt(ABSOLUTE))
<BR><BR>[Called By]<UL><LI><a href="#[63]">&gt;&gt;</a>&nbsp;&nbsp;&nbsp;llProcessSlaveControlProcedures1 (via Veneer)
</UL>

<P><STRONG><a name="[233]"></a>llSetupFeatureSetReq</STRONG> (Thumb, 0 bytes, Stack size 0 bytes, bb_rom_sym_m0.txt(ABSOLUTE))
<BR><BR>[Called By]<UL><LI><a href="#[52]">&gt;&gt;</a>&nbsp;&nbsp;&nbsp;llProcessMasterControlProcedures1 (via Veneer)
</UL>

<P><STRONG><a name="[235]"></a>llSetupFeatureSetRsp</STRONG> (Thumb, 0 bytes, Stack size 0 bytes, bb_rom_sym_m0.txt(ABSOLUTE))
<BR><BR>[Called By]<UL><LI><a href="#[63]">&gt;&gt;</a>&nbsp;&nbsp;&nbsp;llProcessSlaveControlProcedures1 (via Veneer)
<LI><a href="#[52]">&gt;&gt;</a>&nbsp;&nbsp;&nbsp;llProcessMasterControlProcedures1 (via Veneer)
</UL>

<P><STRONG><a name="[219]"></a>llSetupInit</STRONG> (Thumb, 0 bytes, Stack size 0 bytes, bb_rom_sym_m0.txt(ABSOLUTE))
<BR><BR>[Called By]<UL><LI><a href="#[58]">&gt;&gt;</a>&nbsp;&nbsp;&nbsp;LL_CreateConn1 (via Veneer)
</UL>

<P><STRONG><a name="[185]"></a>llSetupNextMasterEvent</STRONG> (Thumb, 0 bytes, Stack size 0 bytes, bb_rom_sym_m0.txt(ABSOLUTE))
<BR><BR>[Called By]<UL><LI><a href="#[4d]">&gt;&gt;</a>&nbsp;&nbsp;&nbsp;llMasterEvt_TaskEndOk1 (via Veneer)
</UL>

<P><STRONG><a name="[18e]"></a>llSetupNextSlaveEvent0</STRONG> (Thumb, 0 bytes, Stack size 0 bytes, bb_rom_sym_m0.txt(ABSOLUTE))
<BR><BR>[Called By]<UL><LI><a href="#[61]">&gt;&gt;</a>&nbsp;&nbsp;&nbsp;llSetupNextSlaveEvent1 (via Veneer)
</UL>

<P><STRONG><a name="[230]"></a>llSetupPauseEncReq</STRONG> (Thumb, 0 bytes, Stack size 0 bytes, bb_rom_sym_m0.txt(ABSOLUTE))
<BR><BR>[Called By]<UL><LI><a href="#[52]">&gt;&gt;</a>&nbsp;&nbsp;&nbsp;llProcessMasterControlProcedures1 (via Veneer)
</UL>

<P><STRONG><a name="[232]"></a>llSetupPauseEncRsp</STRONG> (Thumb, 0 bytes, Stack size 0 bytes, bb_rom_sym_m0.txt(ABSOLUTE))
<BR><BR>[Called By]<UL><LI><a href="#[63]">&gt;&gt;</a>&nbsp;&nbsp;&nbsp;llProcessSlaveControlProcedures1 (via Veneer)
<LI><a href="#[52]">&gt;&gt;</a>&nbsp;&nbsp;&nbsp;llProcessMasterControlProcedures1 (via Veneer)
</UL>

<P><STRONG><a name="[23b]"></a>llSetupPhyReq</STRONG> (Thumb, 0 bytes, Stack size 0 bytes, bb_rom_sym_m0.txt(ABSOLUTE))
<BR><BR>[Called By]<UL><LI><a href="#[63]">&gt;&gt;</a>&nbsp;&nbsp;&nbsp;llProcessSlaveControlProcedures1 (via Veneer)
<LI><a href="#[52]">&gt;&gt;</a>&nbsp;&nbsp;&nbsp;llProcessMasterControlProcedures1 (via Veneer)
</UL>

<P><STRONG><a name="[245]"></a>llSetupPhyRsp</STRONG> (Thumb, 0 bytes, Stack size 0 bytes, bb_rom_sym_m0.txt(ABSOLUTE))
[...]
<BR><BR>[Stack]<UL><LI>Max Depth = 296<LI>Call Chain = smpInitiatorProcessIncoming &rArr; smpInitiatorProcessPairingRandom &rArr; sm_c1 &rArr; sm_c1new &rArr; sm_xor
</UL>
<BR>[Calls]<UL><LI><a href="#[1b9]">&gt;&gt;</a>&nbsp;&nbsp;&nbsp;osal_memcpy (via Veneer)
<LI><a href="#[1ba]">&gt;&gt;</a>&nbsp;&nbsp;&nbsp;__ARM_common_switch8 (via Veneer)
<LI><a href="#[416]">&gt;&gt;</a>&nbsp;&nbsp;&nbsp;smGenerateRandMsg
<LI><a href="#[410]">&gt;&gt;</a>&nbsp;&nbsp;&nbsp;smEndPairing
<LI><a href="#[436]">&gt;&gt;</a>&nbsp;&nbsp;&nbsp;smAuthReqToUint8
<LI><a href="#[43d]">&gt;&gt;</a>&nbsp;&nbsp;&nbsp;smpInitiatorProcessSigningInfo
<LI><a href="#[43a]">&gt;&gt;</a>&nbsp;&nbsp;&nbsp;smpInitiatorProcessPairingRsp
<LI><a href="#[43b]">&gt;&gt;</a>&nbsp;&nbsp;&nbsp;smpInitiatorProcessPairingRandom
<LI><a href="#[43c]">&gt;&gt;</a>&nbsp;&nbsp;&nbsp;smpInitiatorProcessMasterID
<LI><a href="#[439]">&gt;&gt;</a>&nbsp;&nbsp;&nbsp;smpInitiatorProcessIdentityInfo
<LI><a href="#[438]">&gt;&gt;</a>&nbsp;&nbsp;&nbsp;smpInitiatorProcessIdentityAddrInfo
<LI><a href="#[437]">&gt;&gt;</a>&nbsp;&nbsp;&nbsp;smpInitiatorProcessEncryptionInformation
<LI><a href="#[390]">&gt;&gt;</a>&nbsp;&nbsp;&nbsp;gapSendSlaveSecurityReqEvent
</UL>
<BR>[Address Reference Count : 1]<UL><LI> sm_intpairing.o(.data)
</UL>
<P><STRONG><a name="[43c]"></a>smpInitiatorProcessMasterID</STRONG> (Thumb, 98 bytes, Stack size 16 bytes, sm_intpairing.o(i.smpInitiatorProcessMasterID))
<BR><BR>[Stack]<UL><LI>Max Depth = 248<LI>Call Chain = smpInitiatorProcessMasterID &rArr; setupInitiatorKeys &rArr; smInitiatorSendNextKeyInfo &rArr; smPairingSendMasterID &rArr; smSendSMMsg &rArr; L2CAP_SendData &rArr; l2capEncapSendData &rArr; l2capPktToSegmentBuff &rArr; L2CAP_Fragment_bm_alloc
</UL>
<BR>[Calls]<UL><LI><a href="#[1b9]">&gt;&gt;</a>&nbsp;&nbsp;&nbsp;osal_memcpy (via Veneer)
<LI><a href="#[40f]">&gt;&gt;</a>&nbsp;&nbsp;&nbsp;setupInitiatorKeys
</UL>
<BR>[Called By]<UL><LI><a href="#[9]">&gt;&gt;</a>&nbsp;&nbsp;&nbsp;smpInitiatorProcessIncoming
</UL>

<P><STRONG><a name="[43b]"></a>smpInitiatorProcessPairingRandom</STRONG> (Thumb, 132 bytes, Stack size 56 bytes, sm_intpairing.o(i.smpInitiatorProcessPairingRandom))
<BR><BR>[Stack]<UL><LI>Max Depth = 272<LI>Call Chain = smpInitiatorProcessPairingRandom &rArr; sm_c1 &rArr; sm_c1new &rArr; sm_xor
</UL>
<BR>[Calls]<UL><LI><a href="#[1b9]">&gt;&gt;</a>&nbsp;&nbsp;&nbsp;osal_memcpy (via Veneer)
<LI><a href="#[15b]">&gt;&gt;</a>&nbsp;&nbsp;&nbsp;osal_memcmp (via Veneer)
<LI><a href="#[430]">&gt;&gt;</a>&nbsp;&nbsp;&nbsp;sm_s1
<LI><a href="#[352]">&gt;&gt;</a>&nbsp;&nbsp;&nbsp;sm_c1
<LI><a href="#[418]">&gt;&gt;</a>&nbsp;&nbsp;&nbsp;smDetermineKeySize
<LI><a href="#[b]">&gt;&gt;</a>&nbsp;&nbsp;&nbsp;SM_StartEncryption
</UL>
<BR>[Called By]<UL><LI><a href="#[9]">&gt;&gt;</a>&nbsp;&nbsp;&nbsp;smpInitiatorProcessIncoming
</UL>

<P><STRONG><a name="[43a]"></a>smpInitiatorProcessPairingRsp</STRONG> (Thumb, 232 bytes, Stack size 32 bytes, sm_intpairing.o(i.smpInitiatorProcessPairingRsp))
<BR><BR>[Stack]<UL><LI>Max Depth = 248<LI>Call Chain = smpInitiatorProcessPairingRsp &rArr; sm_c1 &rArr; sm_c1new &rArr; sm_xor
</UL>
<BR>[Calls]<UL><LI><a href="#[1b9]">&gt;&gt;</a>&nbsp;&nbsp;&nbsp;osal_memcpy (via Veneer)
<LI><a href="#[1da]">&gt;&gt;</a>&nbsp;&nbsp;&nbsp;osal_memset (via Veneer)
<LI><a href="#[352]">&gt;&gt;</a>&nbsp;&nbsp;&nbsp;sm_c1
<LI><a href="#[431]">&gt;&gt;</a>&nbsp;&nbsp;&nbsp;smSavePairInfo
<LI><a href="#[353]">&gt;&gt;</a>&nbsp;&nbsp;&nbsp;smGenerateConfirm
<LI><a href="#[373]">&gt;&gt;</a>&nbsp;&nbsp;&nbsp;gapPasskeyNeededCB
<LI><a href="#[2db]">&gt;&gt;</a>&nbsp;&nbsp;&nbsp;smGenerateRandBuf
</UL>
<BR>[Called By]<UL><LI><a href="#[9]">&gt;&gt;</a>&nbsp;&nbsp;&nbsp;smpInitiatorProcessIncoming
</UL>

<P><STRONG><a name="[43d]"></a>smpInitiatorProcessSigningInfo</STRONG> (Thumb, 84 bytes, Stack size 24 bytes, sm_intpairing.o(i.smpInitiatorProcessSigningInfo))
<BR><BR>[Stack]<UL><LI>Max Depth = 256<LI>Call Chain = smpInitiatorProcessSigningInfo &rArr; setupInitiatorKeys &rArr; smInitiatorSendNextKeyInfo &rArr; smPairingSendMasterID &rArr; smSendSMMsg &rArr; L2CAP_SendData &rArr; l2capEncapSendData &rArr; l2capPktToSegmentBuff &rArr; L2CAP_Fragment_bm_alloc
</UL>
<BR>[Calls]<UL><LI><a href="#[1b9]">&gt;&gt;</a>&nbsp;&nbsp;&nbsp;osal_memcpy (via Veneer)
<LI><a href="#[1aa]">&gt;&gt;</a>&nbsp;&nbsp;&nbsp;osal_mem_alloc (via Veneer)
<LI><a href="#[40f]">&gt;&gt;</a>&nbsp;&nbsp;&nbsp;setupInitiatorKeys
</UL>
<BR>[Called By]<UL><LI><a href="#[9]">&gt;&gt;</a>&nbsp;&nbsp;&nbsp;smpInitiatorProcessIncoming
</UL>

<P><STRONG><a name="[e]"></a>smResponderProcessLTKReq</STRONG> (Thumb, 230 bytes, Stack size 64 bytes, sm_rsppairing.o(i.smResponderProcessLTKReq))
<BR><BR>[Stack]<UL><LI>Max Depth = 192<LI>Call Chain = smResponderProcessLTKReq &rArr; smEndPairing &rArr; gapPairingCompleteCB &rArr; sendAuthEvent &rArr; gapFreeAuthLink
</UL>
<BR>[Calls]<UL><LI><a href="#[1b9]">&gt;&gt;</a>&nbsp;&nbsp;&nbsp;osal_memcpy (via Veneer)
<LI><a href="#[286]">&gt;&gt;</a>&nbsp;&nbsp;&nbsp;linkDB_Find
<LI><a href="#[1da]">&gt;&gt;</a>&nbsp;&nbsp;&nbsp;osal_memset (via Veneer)
<LI><a href="#[15b]">&gt;&gt;</a>&nbsp;&nbsp;&nbsp;osal_memcmp (via Veneer)
<LI><a href="#[20d]">&gt;&gt;</a>&nbsp;&nbsp;&nbsp;HCI_LE_LtkReqReplyCmd
<LI><a href="#[20a]">&gt;&gt;</a>&nbsp;&nbsp;&nbsp;HCI_LE_LtkReqNegReplyCmd
<LI><a href="#[430]">&gt;&gt;</a>&nbsp;&nbsp;&nbsp;sm_s1
<LI><a href="#[410]">&gt;&gt;</a>&nbsp;&nbsp;&nbsp;smEndPairing
<LI><a href="#[418]">&gt;&gt;</a>&nbsp;&nbsp;&nbsp;smDetermineKeySize
</UL>
<BR>[Address Reference Count : 1]<UL><LI> sm_rsppairing.o(.data)
</UL>
<P><STRONG><a name="[d]"></a>smResponderSendNextKeyInfo</STRONG> (Thumb, 448 bytes, Stack size 32 bytes, sm_rsppairing.o(i.smResponderSendNextKeyInfo))
<BR><BR>[Stack]<UL><LI>Max Depth = 216<LI>Call Chain = smResponderSendNextKeyInfo &rArr; smPairingSendMasterID &rArr; smSendSMMsg &rArr; L2CAP_SendData &rArr; l2capEncapSendData &rArr; l2capPktToSegmentBuff &rArr; L2CAP_Fragment_bm_alloc
</UL>
<BR>[Calls]<UL><LI><a href="#[286]">&gt;&gt;</a>&nbsp;&nbsp;&nbsp;linkDB_Find
<LI><a href="#[1da]">&gt;&gt;</a>&nbsp;&nbsp;&nbsp;osal_memset (via Veneer)
<LI><a href="#[1aa]">&gt;&gt;</a>&nbsp;&nbsp;&nbsp;osal_mem_alloc (via Veneer)
<LI><a href="#[1ba]">&gt;&gt;</a>&nbsp;&nbsp;&nbsp;__ARM_common_switch8 (via Veneer)
<LI><a href="#[415]">&gt;&gt;</a>&nbsp;&nbsp;&nbsp;osal_rand (via Veneer)
<LI><a href="#[3aa]">&gt;&gt;</a>&nbsp;&nbsp;&nbsp;osal_CbTimerStart (via Veneer)
<LI><a href="#[417]">&gt;&gt;</a>&nbsp;&nbsp;&nbsp;smPairingSendSingingInfo
<LI><a href="#[41a]">&gt;&gt;</a>&nbsp;&nbsp;&nbsp;smPairingSendMasterID
<LI><a href="#[41b]">&gt;&gt;</a>&nbsp;&nbsp;&nbsp;smPairingSendIdentityInfo
<LI><a href="#[41e]">&gt;&gt;</a>&nbsp;&nbsp;&nbsp;smPairingSendIdentityAddrInfo
<LI><a href="#[419]">&gt;&gt;</a>&nbsp;&nbsp;&nbsp;smPairingSendEncInfo
<LI><a href="#[418]">&gt;&gt;</a>&nbsp;&nbsp;&nbsp;smDetermineKeySize
<LI><a href="#[2db]">&gt;&gt;</a>&nbsp;&nbsp;&nbsp;smGenerateRandBuf
<LI><a href="#[34d]">&gt;&gt;</a>&nbsp;&nbsp;&nbsp;gapGetSRK
<LI><a href="#[2d7]">&gt;&gt;</a>&nbsp;&nbsp;&nbsp;gapGetIRK
<LI><a href="#[41c]">&gt;&gt;</a>&nbsp;&nbsp;&nbsp;gapGetDevAddressMode
<LI><a href="#[41d]">&gt;&gt;</a>&nbsp;&nbsp;&nbsp;gapGetDevAddress
</UL>
<BR>[Address Reference Count : 1]<UL><LI> sm_rsppairing.o(.data)
</UL>
<P><STRONG><a name="[43e]"></a>smpResponderProcessEncryptionInformation</STRONG> (Thumb, 84 bytes, Stack size 24 bytes, sm_rsppairing.o(i.smpResponderProcessEncryptionInformation))
<BR><BR>[Stack]<UL><LI>Max Depth = 24<LI>Call Chain = smpResponderProcessEncryptionInformation
</UL>
<BR>[Calls]<UL><LI><a href="#[1b9]">&gt;&gt;</a>&nbsp;&nbsp;&nbsp;osal_memcpy (via Veneer)
<LI><a href="#[1aa]">&gt;&gt;</a>&nbsp;&nbsp;&nbsp;osal_mem_alloc (via Veneer)
<LI><a href="#[418]">&gt;&gt;</a>&nbsp;&nbsp;&nbsp;smDetermineKeySize
</UL>
<BR>[Called By]<UL><LI><a href="#[c]">&gt;&gt;</a>&nbsp;&nbsp;&nbsp;smpResponderProcessIncoming
</UL>

<P><STRONG><a name="[43f]"></a>smpResponderProcessIdentityAddrInfo</STRONG> (Thumb, 72 bytes, Stack size 16 bytes, sm_rsppairing.o(i.smpResponderProcessIdentityAddrInfo))
<BR><BR>[Stack]<UL><LI>Max Depth = 144<LI>Call Chain = smpResponderProcessIdentityAddrInfo &rArr; smEndPairing &rArr; gapPairingCompleteCB &rArr; sendAuthEvent &rArr; gapFreeAuthLink
</UL>
<BR>[Calls]<UL><LI><a href="#[1b9]">&gt;&gt;</a>&nbsp;&nbsp;&nbsp;osal_memcpy (via Veneer)
<LI><a href="#[410]">&gt;&gt;</a>&nbsp;&nbsp;&nbsp;smEndPairing
</UL>
<BR>[Called By]<UL><LI><a href="#[c]">&gt;&gt;</a>&nbsp;&nbsp;&nbsp;smpResponderProcessIncoming
</UL>

<P><STRONG><a name="[440]"></a>smpResponderProcessIdentityInfo</STRONG> (Thumb, 70 bytes, Stack size 16 bytes, sm_rsppairing.o(i.smpResponderProcessIdentityInfo))
<BR><BR>[Stack]<UL><LI>Max Depth = 16<LI>Call Chain = smpResponderProcessIdentityInfo
</UL>
<BR>[Calls]<UL><LI><a href="#[1b9]">&gt;&gt;</a>&nbsp;&nbsp;&nbsp;osal_memcpy (via Veneer)
<LI><a href="#[1aa]">&gt;&gt;</a>&nbsp;&nbsp;&nbsp;osal_mem_alloc (via Veneer)
</UL>
<BR>[Called By]<UL><LI><a href="#[c]">&gt;&gt;</a>&nbsp;&nbsp;&nbsp;smpResponderProcessIncoming
</UL>

<P><STRONG><a name="[c]"></a>smpResponderProcessIncoming</STRONG> (Thumb, 178 bytes, Stack size 32 bytes, sm_rsppairing.o(i.smpResponderProcessIncoming))
<BR><BR>[Stack]<UL><LI>Max Depth = 288<LI>Call Chain = smpResponderProcessIncoming &rArr; smpResponderProcessPairingRandom &rArr; sm_c1 &rArr; sm_c1new &rArr; sm_xor
</UL>
<BR>[Calls]<UL><LI><a href="#[1ba]">&gt;&gt;</a>&nbsp;&nbsp;&nbsp;__ARM_common_switch8 (via Veneer)
<LI><a href="#[441]">&gt;&gt;</a>&nbsp;&nbsp;&nbsp;smpResponderProcessPairingReq
<LI><a href="#[445]">&gt;&gt;</a>&nbsp;&nbsp;&nbsp;smpResponderProcessSigningInfo
<LI><a href="#[443]">&gt;&gt;</a>&nbsp;&nbsp;&nbsp;smpResponderProcessPairingRandom
<LI><a href="#[442]">&gt;&gt;</a>&nbsp;&nbsp;&nbsp;smpResponderProcessPairingConfirm
<LI><a href="#[444]">&gt;&gt;</a>&nbsp;&nbsp;&nbsp;smpResponderProcessMasterID
<LI><a href="#[440]">&gt;&gt;</a>&nbsp;&nbsp;&nbsp;smpResponderProcessIdentityInfo
<LI><a href="#[43f]">&gt;&gt;</a>&nbsp;&nbsp;&nbsp;smpResponderProcessIdentityAddrInfo
<LI><a href="#[43e]">&gt;&gt;</a>&nbsp;&nbsp;&nbsp;smpResponderProcessEncryptionInformation
<LI><a href="#[410]">&gt;&gt;</a>&nbsp;&nbsp;&nbsp;smEndPairing
<LI><a href="#[436]">&gt;&gt;</a>&nbsp;&nbsp;&nbsp;smAuthReqToUint8
<LI><a href="#[38e]">&gt;&gt;</a>&nbsp;&nbsp;&nbsp;gapSendPairingReqEvent
</UL>
<BR>[Address Reference Count : 1]<UL><LI> sm_rsppairing.o(.data)
</UL>
<P><STRONG><a name="[444]"></a>smpResponderProcessMasterID</STRONG> (Thumb, 100 bytes, Stack size 16 bytes, sm_rsppairing.o(i.smpResponderProcessMasterID))
<BR><BR>[Stack]<UL><LI>Max Depth = 144<LI>Call Chain = smpResponderProcessMasterID &rArr; smEndPairing &rArr; gapPairingCompleteCB &rArr; sendAuthEvent &rArr; gapFreeAuthLink
</UL>
<BR>[Calls]<UL><LI><a href="#[1b9]">&gt;&gt;</a>&nbsp;&nbsp;&nbsp;osal_memcpy (via Veneer)
<LI><a href="#[410]">&gt;&gt;</a>&nbsp;&nbsp;&nbsp;smEndPairing
</UL>
<BR>[Called By]<UL><LI><a href="#[c]">&gt;&gt;</a>&nbsp;&nbsp;&nbsp;smpResponderProcessIncoming
</UL>

<P><STRONG><a name="[442]"></a>smpResponderProcessPairingConfirm</STRONG> (Thumb, 76 bytes, Stack size 24 bytes, sm_rsppairing.o(i.smpResponderProcessPairingConfirm))
<BR><BR>[Stack]<UL><LI>Max Depth = 240<LI>Call Chain = smpResponderProcessPairingConfirm &rArr; sm_c1 &rArr; sm_c1new &rArr; sm_xor
</UL>
<BR>[Calls]<UL><LI><a href="#[1b9]">&gt;&gt;</a>&nbsp;&nbsp;&nbsp;osal_memcpy (via Veneer)
<LI><a href="#[352]">&gt;&gt;</a>&nbsp;&nbsp;&nbsp;sm_c1
<LI><a href="#[353]">&gt;&gt;</a>&nbsp;&nbsp;&nbsp;smGenerateConfirm
</UL>
<BR>[Called By]<UL><LI><a href="#[c]">&gt;&gt;</a>&nbsp;&nbsp;&nbsp;smpResponderProcessIncoming
</UL>

<P><STRONG><a name="[443]"></a>smpResponderProcessPairingRandom</STRONG> (Thumb, 92 bytes, Stack size 40 bytes, sm_rsppairing.o(i.smpResponderProcessPairingRandom))
<BR><BR>[Stack]<UL><LI>Max Depth = 256<LI>Call Chain = smpResponderProcessPairingRandom &rArr; sm_c1 &rArr; sm_c1new &rArr; sm_xor
</UL>
<BR>[Calls]<UL><LI><a href="#[1b9]">&gt;&gt;</a>&nbsp;&nbsp;&nbsp;osal_memcpy (via Veneer)
<LI><a href="#[15b]">&gt;&gt;</a>&nbsp;&nbsp;&nbsp;osal_memcmp (via Veneer)
<LI><a href="#[352]">&gt;&gt;</a>&nbsp;&nbsp;&nbsp;sm_c1
<LI><a href="#[416]">&gt;&gt;</a>&nbsp;&nbsp;&nbsp;smGenerateRandMsg
</UL>
<BR>[Called By]<UL><LI><a href="#[c]">&gt;&gt;</a>&nbsp;&nbsp;&nbsp;smpResponderProcessIncoming
</UL>

<P><STRONG><a name="[445]"></a>smpResponderProcessSigningInfo</STRONG> (Thumb, 86 bytes, Stack size 24 bytes, sm_rsppairing.o(i.smpResponderProcessSigningInfo))
<BR><BR>[Stack]<UL><LI>Max Depth = 152<LI>Call Chain = smpResponderProcessSigningInfo &rArr; smEndPairing &rArr; gapPairingCompleteCB &rArr; sendAuthEvent &rArr; gapFreeAuthLink
</UL>
<BR>[Calls]<UL><LI><a href="#[1b9]">&gt;&gt;</a>&nbsp;&nbsp;&nbsp;osal_memcpy (via Veneer)
<LI><a href="#[1aa]">&gt;&gt;</a>&nbsp;&nbsp;&nbsp;osal_mem_alloc (via Veneer)
<LI><a href="#[410]">&gt;&gt;</a>&nbsp;&nbsp;&nbsp;smEndPairing
</UL>
<BR>[Called By]<UL><LI><a href="#[c]">&gt;&gt;</a>&nbsp;&nbsp;&nbsp;smpResponderProcessIncoming
</UL>

<P><STRONG><a name="[354]"></a>smProcessOSALMsg</STRONG> (Thumb, 134 bytes, Stack size 16 bytes, sm_task.o(i.smProcessOSALMsg))
<BR><BR>[Stack]<UL><LI>Max Depth = 224<LI>Call Chain = smProcessOSALMsg &rArr; smProcessDataMsg &rArr; smSendFailAndEnd &rArr; smSendSMMsg &rArr; L2CAP_SendData &rArr; l2capEncapSendData &rArr; l2capPktToSegmentBuff &rArr; L2CAP_Fragment_bm_alloc
</UL>
<BR>[Calls]<UL><LI><a href="#[325]">&gt;&gt;</a>&nbsp;&nbsp;&nbsp;osal_bm_free (via Veneer)
<LI><a href="#[42e]">&gt;&gt;</a>&nbsp;&nbsp;&nbsp;smProcessRandComplete
<LI><a href="#[42d]">&gt;&gt;</a>&nbsp;&nbsp;&nbsp;smProcessEncryptChange
<LI><a href="#[420]">&gt;&gt;</a>&nbsp;&nbsp;&nbsp;smProcessDataMsg
</UL>
<BR>[Called By]<UL><LI><a href="#[3f]">&gt;&gt;</a>&nbsp;&nbsp;&nbsp;SM_ProcessEvent
</UL>

<P><STRONG><a name="[ab]"></a>l2capHandleTimerCB</STRONG> (Thumb, 40 bytes, Stack size 24 bytes, l2cap_util.o(i.l2capHandleTimerCB))
<BR><BR>[Stack]<UL><LI>Max Depth = 64<LI>Call Chain = l2capHandleTimerCB &rArr; l2capNotifySignal
</UL>
<BR>[Calls]<UL><LI><a href="#[3c7]">&gt;&gt;</a>&nbsp;&nbsp;&nbsp;l2capNotifySignal
</UL>
<BR>[Address Reference Count : 1]<UL><LI> l2cap_util.o(i.l2capSendReq)
</UL>
<P><STRONG><a name="[3ac]"></a>generate_subkey</STRONG> (Thumb, 148 bytes, Stack size 32 bytes, sm_mgr.o(i.generate_subkey))
<BR><BR>[Stack]<UL><LI>Max Depth = 44<LI>Call Chain = generate_subkey &rArr; xor_128
</UL>
<BR>[Calls]<UL><LI><a href="#[1da]">&gt;&gt;</a>&nbsp;&nbsp;&nbsp;osal_memset (via Veneer)
<LI><a href="#[2b4]">&gt;&gt;</a>&nbsp;&nbsp;&nbsp;osal_mem_free (via Veneer)
<LI><a href="#[1aa]">&gt;&gt;</a>&nbsp;&nbsp;&nbsp;osal_mem_alloc (via Veneer)
<LI><a href="#[3af]">&gt;&gt;</a>&nbsp;&nbsp;&nbsp;xor_128
<LI><a href="#[3ad]">&gt;&gt;</a>&nbsp;&nbsp;&nbsp;smEncryptLocal
<LI><a href="#[3ae]">&gt;&gt;</a>&nbsp;&nbsp;&nbsp;leftshift_onebit
</UL>
<BR>[Called By]<UL><LI><a href="#[34e]">&gt;&gt;</a>&nbsp;&nbsp;&nbsp;sm_CMAC
</UL>

<P><STRONG><a name="[3ae]"></a>leftshift_onebit</STRONG> (Thumb, 28 bytes, Stack size 8 bytes, sm_mgr.o(i.leftshift_onebit))
<BR><BR>[Stack]<UL><LI>Max Depth = 8<LI>Call Chain = leftshift_onebit
</UL>
<BR>[Called By]<UL><LI><a href="#[3ac]">&gt;&gt;</a>&nbsp;&nbsp;&nbsp;generate_subkey
</UL>

<P><STRONG><a name="[411]"></a>smEncrypt</STRONG> (Thumb, 16 bytes, Stack size 8 bytes, sm_mgr.o(i.smEncrypt))
<BR><BR>[Stack]<UL><LI>Max Depth = 8<LI>Call Chain = smEncrypt
</UL>
<BR>[Calls]<UL><LI><a href="#[412]">&gt;&gt;</a>&nbsp;&nbsp;&nbsp;LL_Encrypt (via Veneer)
</UL>
<BR>[Called By]<UL><LI><a href="#[433]">&gt;&gt;</a>&nbsp;&nbsp;&nbsp;sm_c1new
<LI><a href="#[34a]">&gt;&gt;</a>&nbsp;&nbsp;&nbsp;sm_ah
<LI><a href="#[430]">&gt;&gt;</a>&nbsp;&nbsp;&nbsp;sm_s1
</UL>

<P><STRONG><a name="[3ad]"></a>smEncryptLocal</STRONG> (Thumb, 8 bytes, Stack size 8 bytes, sm_mgr.o(i.smEncryptLocal))
<BR><BR>[Stack]<UL><LI>Max Depth = 8<LI>Call Chain = smEncryptLocal
</UL>
<BR>[Calls]<UL><LI><a href="#[412]">&gt;&gt;</a>&nbsp;&nbsp;&nbsp;LL_Encrypt (via Veneer)
</UL>
<BR>[Called By]<UL><LI><a href="#[34e]">&gt;&gt;</a>&nbsp;&nbsp;&nbsp;sm_CMAC
<LI><a href="#[3ac]">&gt;&gt;</a>&nbsp;&nbsp;&nbsp;generate_subkey
</UL>

<P><STRONG><a name="[34e]"></a>sm_CMAC</STRONG> (Thumb, 340 bytes, Stack size 64 bytes, sm_mgr.o(i.sm_CMAC))
<BR><BR>[Stack]<UL><LI>Max Depth = 108<LI>Call Chain = sm_CMAC &rArr; generate_subkey &rArr; xor_128
</UL>
<BR>[Calls]<UL><LI><a href="#[1b9]">&gt;&gt;</a>&nbsp;&nbsp;&nbsp;osal_memcpy (via Veneer)
<LI><a href="#[1da]">&gt;&gt;</a>&nbsp;&nbsp;&nbsp;osal_memset (via Veneer)
<LI><a href="#[2b4]">&gt;&gt;</a>&nbsp;&nbsp;&nbsp;osal_mem_free (via Veneer)
<LI><a href="#[1aa]">&gt;&gt;</a>&nbsp;&nbsp;&nbsp;osal_mem_alloc (via Veneer)
<LI><a href="#[3af]">&gt;&gt;</a>&nbsp;&nbsp;&nbsp;xor_128
<LI><a href="#[3ad]">&gt;&gt;</a>&nbsp;&nbsp;&nbsp;smEncryptLocal
<LI><a href="#[3ac]">&gt;&gt;</a>&nbsp;&nbsp;&nbsp;generate_subkey
</UL>
<BR>[Called By]<UL><LI><a href="#[261]">&gt;&gt;</a>&nbsp;&nbsp;&nbsp;SM_VerifyAuthenSig
<LI><a href="#[34b]">&gt;&gt;</a>&nbsp;&nbsp;&nbsp;SM_GenerateAuthenSig
</UL>

<P><STRONG><a name="[434]"></a>sm_xor</STRONG> (Thumb, 26 bytes, Stack size 8 bytes, sm_mgr.o(i.sm_xor))
<BR><BR>[Stack]<UL><LI>Max Depth = 8<LI>Call Chain = sm_xor
</UL>
<BR>[Called By]<UL><LI><a href="#[433]">&gt;&gt;</a>&nbsp;&nbsp;&nbsp;sm_c1new
</UL>

<P><STRONG><a name="[3af]"></a>xor_128</STRONG> (Thumb, 22 bytes, Stack size 12 bytes, sm_mgr.o(i.xor_128))
<BR><BR>[Stack]<UL><LI>Max Depth = 12<LI>Call Chain = xor_128
</UL>
<BR>[Called By]<UL><LI><a href="#[34e]">&gt;&gt;</a>&nbsp;&nbsp;&nbsp;sm_CMAC
<LI><a href="#[3ac]">&gt;&gt;</a>&nbsp;&nbsp;&nbsp;generate_subkey
</UL>

<P><STRONG><a name="[358]"></a>smFreePairingParams</STRONG> (Thumb, 102 bytes, Stack size 16 bytes, sm_pairing.o(i.smFreePairingParams))
<BR><BR>[Stack]<UL><LI>Max Depth = 32<LI>Call Chain = smFreePairingParams &rArr; smStopRspTimer
</UL>
<BR>[Calls]<UL><LI><a href="#[2b4]">&gt;&gt;</a>&nbsp;&nbsp;&nbsp;osal_mem_free (via Veneer)
<LI><a href="#[413]">&gt;&gt;</a>&nbsp;&nbsp;&nbsp;smStopRspTimer
</UL>
<BR>[Called By]<UL><LI><a href="#[a3]">&gt;&gt;</a>&nbsp;&nbsp;&nbsp;smLinkCheck
<LI><a href="#[410]">&gt;&gt;</a>&nbsp;&nbsp;&nbsp;smEndPairing
<LI><a href="#[2b0]">&gt;&gt;</a>&nbsp;&nbsp;&nbsp;SM_StartPairing
</UL>

<P><STRONG><a name="[414]"></a>smSetPairingReqRsp</STRONG> (Thumb, 60 bytes, Stack size 16 bytes, sm_pairing.o(i.smSetPairingReqRsp))
<BR><BR>[Stack]<UL><LI>Max Depth = 24<LI>Call Chain = smSetPairingReqRsp &rArr; smUint8ToAuthReq
</UL>
<BR>[Calls]<UL><LI><a href="#[1da]">&gt;&gt;</a>&nbsp;&nbsp;&nbsp;osal_memset (via Veneer)
<LI><a href="#[2dd]">&gt;&gt;</a>&nbsp;&nbsp;&nbsp;smUint8ToAuthReq
</UL>
<BR>[Called By]<UL><LI><a href="#[357]">&gt;&gt;</a>&nbsp;&nbsp;&nbsp;smGeneratePairingReqRsp
<LI><a href="#[352]">&gt;&gt;</a>&nbsp;&nbsp;&nbsp;sm_c1
</UL>

<P><STRONG><a name="[42b]"></a>smpProcessIncoming</STRONG> (Thumb, 72 bytes, Stack size 16 bytes, sm_pairing.o(i.smpProcessIncoming))
<BR><BR>[Stack]<UL><LI>Max Depth = 28<LI>Call Chain = smpProcessIncoming &rArr; linkDB_Find
</UL>
<BR>[Calls]<UL><LI><a href="#[286]">&gt;&gt;</a>&nbsp;&nbsp;&nbsp;linkDB_Find
</UL>
<BR>[Called By]<UL><LI><a href="#[420]">&gt;&gt;</a>&nbsp;&nbsp;&nbsp;smProcessDataMsg
</UL>
<P>
<H3>
Undefined Global Symbols
</H3>
<P><STRONG><a name="[e4]"></a>__arm_fini_</STRONG> (Unknown, 0 bytes, Stack size 0 bytes, UNDEFINED)
<BR><BR>[Called By]<UL><LI><a href="#[e3]">&gt;&gt;</a>&nbsp;&nbsp;&nbsp;__rt_lib_shutdown_fini
</UL>
<HR></body></html>
